[full:chr3] start 2026-09-19 10:51:04
3
/home/taylor/stroke_APA_work/dapars2_full/chr3_chr3
[Sat Sep 19 10:51:05 2026] Start Analysis ...
All samples Joint Processing chr3 ...
[Sat Sep 19 10:51:05 2026] Loading Coverage ...
/home/taylor/stroke_APA_work/bedgraph/day1_rep1.bedgraph
/home/taylor/stroke_APA_work/bedgraph/day1_rep2.bedgraph
/home/taylor/stroke_APA_work/bedgraph/day21_rep1.bedgraph
/home/taylor/stroke_APA_work/bedgraph/day21_rep2.bedgraph
/home/taylor/stroke_APA_work/bedgraph/day3_rep1.bedgraph
/home/taylor/stroke_APA_work/bedgraph/day3_rep2.bedgraph
/home/taylor/stroke_APA_work/bedgraph/day60_rep1.bedgraph
/home/taylor/stroke_APA_work/bedgraph/day60_rep2.bedgraph
/home/taylor/stroke_APA_work/bedgraph/day7_rep1.bedgraph
/home/taylor/stroke_APA_work/bedgraph/day7_rep2.bedgraph
/home/taylor/stroke_APA_work/bedgraph/sham1.bedgraph
/home/taylor/stroke_APA_work/bedgraph/sham2.bedgraph
[49652326 52273421 39837975 39038280 38560545 40906253 39861605 44513076
 38391433 41344758 40347218 51568111]
#assigned events:
963
[Sat Sep 19 10:52:16 2026] Loading Coverage Finished ...
[Sat Sep 19 11:42:00 2026] Finished!
[full:chr3] exit=0 2026-09-19 11:42:01
total 20
drwxr-xr-x  2 taylor taylor 4096 Sep 19 10:51 .
drwxr-xr-x 24 taylor taylor 4096 Sep 19 11:32 ..
-rw-r--r--  1 taylor taylor    5 Sep 19 10:51 chr.txt
-rw-r--r--  1 taylor taylor  982 Sep 19 10:51 job.cfg
-rw-r--r--  1 taylor taylor 1170 Sep 19 11:42 run.log
