[full:chr14] start 2026-09-19 12:22:29
3
/home/taylor/stroke_APA_work/dapars2_full/chr14_chr14
[Sat Sep 19 12:22:30 2026] Start Analysis ...
All samples Joint Processing chr14 ...
[Sat Sep 19 12:22:30 2026] Loading Coverage ...
/home/taylor/stroke_APA_work/bedgraph/day1_rep1.bedgraph
/home/taylor/stroke_APA_work/bedgraph/day1_rep2.bedgraph
/home/taylor/stroke_APA_work/bedgraph/day21_rep1.bedgraph
/home/taylor/stroke_APA_work/bedgraph/day21_rep2.bedgraph
/home/taylor/stroke_APA_work/bedgraph/day3_rep1.bedgraph
/home/taylor/stroke_APA_work/bedgraph/day3_rep2.bedgraph
/home/taylor/stroke_APA_work/bedgraph/day60_rep1.bedgraph
/home/taylor/stroke_APA_work/bedgraph/day60_rep2.bedgraph
/home/taylor/stroke_APA_work/bedgraph/day7_rep1.bedgraph
/home/taylor/stroke_APA_work/bedgraph/day7_rep2.bedgraph
/home/taylor/stroke_APA_work/bedgraph/sham1.bedgraph
/home/taylor/stroke_APA_work/bedgraph/sham2.bedgraph
[49652326 52273421 39837975 39038280 38560545 40906253 39861605 44513076
 38391433 41344758 40347218 51568111]
#assigned events:
866
[Sat Sep 19 12:23:37 2026] Loading Coverage Finished ...
[Sat Sep 19 13:19:45 2026] Finished!
[full:chr14] exit=0 2026-09-19 13:19:46
total 20
drwxr-xr-x  2 taylor taylor 4096 Sep 19 12:22 .
drwxr-xr-x 34 taylor taylor 4096 Sep 19 12:53 ..
-rw-r--r--  1 taylor taylor    6 Sep 19 12:22 chr.txt
-rw-r--r--  1 taylor taylor  984 Sep 19 12:22 job.cfg
-rw-r--r--  1 taylor taylor 1175 Sep 19 13:19 run.log
