[full:chr6] start 2026-09-19 10:51:04
3
/home/taylor/stroke_APA_work/dapars2_full/chr6_chr6
[Sat Sep 19 10:51:05 2026] Start Analysis ...
All samples Joint Processing chr6 ...
[Sat Sep 19 10:51:05 2026] Loading Coverage ...
/home/taylor/stroke_APA_work/bedgraph/day1_rep1.bedgraph
/home/taylor/stroke_APA_work/bedgraph/day1_rep2.bedgraph
/home/taylor/stroke_APA_work/bedgraph/day21_rep1.bedgraph
/home/taylor/stroke_APA_work/bedgraph/day21_rep2.bedgraph
/home/taylor/stroke_APA_work/bedgraph/day3_rep1.bedgraph
/home/taylor/stroke_APA_work/bedgraph/day3_rep2.bedgraph
/home/taylor/stroke_APA_work/bedgraph/day60_rep1.bedgraph
/home/taylor/stroke_APA_work/bedgraph/day60_rep2.bedgraph
/home/taylor/stroke_APA_work/bedgraph/day7_rep1.bedgraph
/home/taylor/stroke_APA_work/bedgraph/day7_rep2.bedgraph
/home/taylor/stroke_APA_work/bedgraph/sham1.bedgraph
/home/taylor/stroke_APA_work/bedgraph/sham2.bedgraph
[49652326 52273421 39837975 39038280 38560545 40906253 39861605 44513076
 38391433 41344758 40347218 51568111]
#assigned events:
1044
[Sat Sep 19 10:52:44 2026] Loading Coverage Finished ...
Terminated
[full:chr6] exit=143 2026-09-19 16:24:47
total 20
drwxr-xr-x  2 taylor taylor 4096 Sep 19 10:51 .
drwxr-xr-x 42 taylor taylor 4096 Sep 19 14:22 ..
-rw-r--r--  1 taylor taylor    5 Sep 19 10:51 chr.txt
-rw-r--r--  1 taylor taylor  982 Sep 19 10:51 job.cfg
-rw-r--r--  1 taylor taylor 1147 Sep 19 16:24 run.log
[full:chr6] start 2026-09-19 16:24:53
3
/home/taylor/stroke_APA_work/dapars2_full/chr6_chr6
[Sat Sep 19 16:24:54 2026] Start Analysis ...
All samples Joint Processing chr6 ...
[Sat Sep 19 16:24:54 2026] Loading Coverage ...
/home/taylor/stroke_APA_work/bedgraph/day1_rep1.bedgraph
/home/taylor/stroke_APA_work/bedgraph/day1_rep2.bedgraph
/home/taylor/stroke_APA_work/bedgraph/day21_rep1.bedgraph
/home/taylor/stroke_APA_work/bedgraph/day21_rep2.bedgraph
/home/taylor/stroke_APA_work/bedgraph/day3_rep1.bedgraph
/home/taylor/stroke_APA_work/bedgraph/day3_rep2.bedgraph
/home/taylor/stroke_APA_work/bedgraph/day60_rep1.bedgraph
/home/taylor/stroke_APA_work/bedgraph/day60_rep2.bedgraph
/home/taylor/stroke_APA_work/bedgraph/day7_rep1.bedgraph
/home/taylor/stroke_APA_work/bedgraph/day7_rep2.bedgraph
/home/taylor/stroke_APA_work/bedgraph/sham1.bedgraph
/home/taylor/stroke_APA_work/bedgraph/sham2.bedgraph
[49652326 52273421 39837975 39038280 38560545 40906253 39861605 44513076
 38391433 41344758 40347218 51568111]
#assigned events:
1044
[Sat Sep 19 16:26:10 2026] Loading Coverage Finished ...
[Sat Sep 19 22:40:39 2026] Finished!
[full:chr6] exit=0 2026-09-19 22:40:41
total 20
drwxr-xr-x  2 taylor taylor 4096 Sep 19 10:51 .
drwxr-xr-x 46 taylor taylor 4096 Sep 19 17:00 ..
-rw-r--r--  1 taylor taylor    5 Sep 19 16:24 chr.txt
-rw-r--r--  1 taylor taylor  982 Sep 19 16:24 job.cfg
-rw-r--r--  1 taylor taylor 2586 Sep 19 22:40 run.log
