Using motif +ZFP36_M269_0.6 of width 11.
Using motif -ZFP36_M269_0.6 of width 11.
Finding best site passing the output threshold in each of the 824 sequences.
Found a best site in 327 sequences.
Computing q-values.
# Computing q-values.
#   Estimating pi_0 from a uniformly sampled set of 10000 p-values.
#   Estimating pi_0.
# Minimal pi_zero = 0.960637
#   Estimated pi_0=0.96648
Using motif +HNRNPA2B1_705 of width 11.
Using motif -HNRNPA2B1_705 of width 11.
Finding best site passing the output threshold in each of the 824 sequences.
Found a best site in 193 sequences.
Computing q-values.
# Computing q-values.
#   Estimating pi_0 from a uniformly sampled set of 10000 p-values.
#   Estimating pi_0.
# Minimal pi_zero = 0.990667
#   Estimated pi_0=0.993368
Using motif +SRSF1_1227 of width 9.
Using motif -SRSF1_1227 of width 9.
Finding best site passing the output threshold in each of the 824 sequences.
Found a best site in 203 sequences.
Computing q-values.
# Computing q-values.
#   Estimating pi_0 from a uniformly sampled set of 10000 p-values.
#   Estimating pi_0.
# Minimal pi_zero = 0.977834
#   Estimated pi_0=0.983441
Using motif +SRSF1_1241 of width 7.
Using motif -SRSF1_1241 of width 7.
Finding best site passing the output threshold in each of the 824 sequences.
Found a best site in 21 sequences.
Computing q-values.
# Computing q-values.
#   Estimating pi_0 from a uniformly sampled set of 10000 p-values.
#   Estimating pi_0.
# Minimal pi_zero = 0.9975
#   Estimated pi_0=1
Using motif +HNRNPA1_690 of width 6.
Using motif -HNRNPA1_690 of width 6.
Finding best site passing the output threshold in each of the 824 sequences.
Found a best site in 0 sequences.
Computing q-values.
Using motif +ELAVL1_1103 of width 5.
Using motif -ELAVL1_1103 of width 5.
Finding best site passing the output threshold in each of the 824 sequences.
Found a best site in 0 sequences.
Computing q-values.
Using motif +HNRNPA1_M271_0.6 of width 6.
Using motif -HNRNPA1_M271_0.6 of width 6.
Finding best site passing the output threshold in each of the 824 sequences.
Found a best site in 0 sequences.
Computing q-values.
Using motif +MBNL1_M320_0.6 of width 8.
Using motif -MBNL1_M320_0.6 of width 8.
Finding best site passing the output threshold in each of the 824 sequences.
Found a best site in 101 sequences.
Computing q-values.
# Computing q-values.
#   Estimating pi_0 from a uniformly sampled set of 10000 p-values.
#   Estimating pi_0.
# Minimal pi_zero = 0.978313
#   Estimated pi_0=0.98555
Using motif +SRSF1_1218 of width 6.
Using motif -SRSF1_1218 of width 6.
Finding best site passing the output threshold in each of the 824 sequences.
Found a best site in 0 sequences.
Computing q-values.
Using motif +NOVA1_64 of width 4.
Using motif -NOVA1_64 of width 4.
Finding best site passing the output threshold in each of the 824 sequences.
Found a best site in 0 sequences.
Computing q-values.
Using motif +HNRNPA1_660 of width 8.
Using motif -HNRNPA1_660 of width 8.
Finding best site passing the output threshold in each of the 824 sequences.
Found a best site in 30 sequences.
Computing q-values.
# Computing q-values.
#   Estimating pi_0 from a uniformly sampled set of 10000 p-values.
#   Estimating pi_0.
# Minimal pi_zero = 1.00281
#   Estimated pi_0=1
Using motif +TARDBP_144 of width 12.
Using motif -TARDBP_144 of width 12.
Finding best site passing the output threshold in each of the 824 sequences.
Found a best site in 273 sequences.
Computing q-values.
# Computing q-values.
#   Estimating pi_0 from a uniformly sampled set of 10000 p-values.
#   Estimating pi_0.
# Minimal pi_zero = 0.97131
#   Estimated pi_0=0.978717
Using motif +SRSF1_1221 of width 6.
Using motif -SRSF1_1221 of width 6.
Finding best site passing the output threshold in each of the 824 sequences.
Found a best site in 0 sequences.
Computing q-values.
Using motif +SRSF1_s49 of width 7.
Using motif -SRSF1_s49 of width 7.
Finding best site passing the output threshold in each of the 824 sequences.
Found a best site in 50 sequences.
Computing q-values.
# Computing q-values.
#   Estimating pi_0 from a uniformly sampled set of 10000 p-values.
#   Estimating pi_0.
# Minimal pi_zero = 0.992807
#   Estimated pi_0=0.999698
Using motif +SRSF1_1229 of width 6.
Using motif -SRSF1_1229 of width 6.
Finding best site passing the output threshold in each of the 824 sequences.
Found a best site in 0 sequences.
Computing q-values.
Using motif +SRSF1_1234 of width 7.
Using motif -SRSF1_1234 of width 7.
Finding best site passing the output threshold in each of the 824 sequences.
Found a best site in 172 sequences.
Computing q-values.
# Computing q-values.
#   Estimating pi_0 from a uniformly sampled set of 10000 p-values.
#   Estimating pi_0.
# Minimal pi_zero = 0.986522
#   Estimated pi_0=0.991753
Using motif +PTBP1_998 of width 6.
Using motif -PTBP1_998 of width 6.
Finding best site passing the output threshold in each of the 824 sequences.
Found a best site in 0 sequences.
Computing q-values.
Using motif +KHDRBS1_1155 of width 6.
Using motif -KHDRBS1_1155 of width 6.
Finding best site passing the output threshold in each of the 824 sequences.
Found a best site in 0 sequences.
Computing q-values.
Using motif +SRSF1_1233 of width 7.
Using motif -SRSF1_1233 of width 7.
Finding best site passing the output threshold in each of the 824 sequences.
Found a best site in 174 sequences.
Computing q-values.
# Computing q-values.
#   Estimating pi_0 from a uniformly sampled set of 10000 p-values.
#   Estimating pi_0.
# Minimal pi_zero = 0.99037
#   Estimated pi_0=0.993909
Using motif +PTBP1_51 of width 4.
Using motif -PTBP1_51 of width 4.
Finding best site passing the output threshold in each of the 824 sequences.
Found a best site in 0 sequences.
Computing q-values.
Using motif +SRSF1_M106_0.6 of width 8.
Using motif -SRSF1_M106_0.6 of width 8.
Finding best site passing the output threshold in each of the 824 sequences.
Found a best site in 259 sequences.
Computing q-values.
# Computing q-values.
#   Estimating pi_0 from a uniformly sampled set of 10000 p-values.
#   Estimating pi_0.
# Minimal pi_zero = 0.987725
#   Estimated pi_0=0.988646
Using motif +HNRNPA1_692 of width 7.
Using motif -HNRNPA1_692 of width 7.
Finding best site passing the output threshold in each of the 824 sequences.
Found a best site in 185 sequences.
Computing q-values.
# Computing q-values.
#   Estimating pi_0 from a uniformly sampled set of 10000 p-values.
#   Estimating pi_0.
# Minimal pi_zero = 0.989535
#   Estimated pi_0=0.995838
Using motif +ELAVL1_367 of width 4.
Using motif -ELAVL1_367 of width 4.
Finding best site passing the output threshold in each of the 824 sequences.
Found a best site in 0 sequences.
Computing q-values.
Using motif +SRSF1_1211 of width 9.
Using motif -SRSF1_1211 of width 9.
Finding best site passing the output threshold in each of the 824 sequences.
Found a best site in 163 sequences.
Computing q-values.
# Computing q-values.
#   Estimating pi_0 from a uniformly sampled set of 10000 p-values.
#   Estimating pi_0.
# Minimal pi_zero = 0.988287
#   Estimated pi_0=0.994388
Using motif +HNRNPA1_679 of width 6.
Using motif -HNRNPA1_679 of width 6.
Finding best site passing the output threshold in each of the 824 sequences.
Found a best site in 0 sequences.
Computing q-values.
Using motif +FUS_M316_0.6 of width 4.
Using motif -FUS_M316_0.6 of width 4.
Finding best site passing the output threshold in each of the 824 sequences.
Found a best site in 0 sequences.
Computing q-values.
Using motif +NOVA1_1131 of width 5.
Using motif -NOVA1_1131 of width 5.
Finding best site passing the output threshold in each of the 824 sequences.
Found a best site in 0 sequences.
Computing q-values.
Using motif +SRSF1_1216 of width 7.
Using motif -SRSF1_1216 of width 7.
Finding best site passing the output threshold in each of the 824 sequences.
Found a best site in 152 sequences.
Computing q-values.
# Computing q-values.
#   Estimating pi_0 from a uniformly sampled set of 10000 p-values.
#   Estimating pi_0.
# Minimal pi_zero = 0.984783
#   Estimated pi_0=0.988796
Using motif +HNRNPA1_653 of width 7.
Using motif -HNRNPA1_653 of width 7.
Finding best site passing the output threshold in each of the 824 sequences.
Found a best site in 50 sequences.
Computing q-values.
# Computing q-values.
#   Estimating pi_0 from a uniformly sampled set of 10000 p-values.
#   Estimating pi_0.
# Minimal pi_zero = 0.999608
#   Estimated pi_0=1
Using motif +HNRNPA1_644 of width 6.
Using motif -HNRNPA1_644 of width 6.
Finding best site passing the output threshold in each of the 824 sequences.
Found a best site in 0 sequences.
Computing q-values.
Using motif +MBNL1_M320_0.6a of width 4.
Using motif -MBNL1_M320_0.6a of width 4.
Finding best site passing the output threshold in each of the 824 sequences.
Found a best site in 0 sequences.
Computing q-values.
Using motif +PTBP1_1017 of width 7.
Using motif -PTBP1_1017 of width 7.
Finding best site passing the output threshold in each of the 824 sequences.
Found a best site in 93 sequences.
Computing q-values.
# Computing q-values.
#   Estimating pi_0 from a uniformly sampled set of 10000 p-values.
#   Estimating pi_0.
# Minimal pi_zero = 0.986708
#   Estimated pi_0=0.987937
Using motif +ELAVL1_1105 of width 9.
Using motif -ELAVL1_1105 of width 9.
Finding best site passing the output threshold in each of the 824 sequences.
Found a best site in 89 sequences.
Computing q-values.
# Computing q-values.
#   Estimating pi_0 from a uniformly sampled set of 10000 p-values.
#   Estimating pi_0.
# Minimal pi_zero = 0.976883
#   Estimated pi_0=0.977486
Using motif +SRSF1_M272_0.6 of width 8.
Using motif -SRSF1_M272_0.6 of width 8.
Finding best site passing the output threshold in each of the 824 sequences.
Found a best site in 229 sequences.
Computing q-values.
# Computing q-values.
#   Estimating pi_0 from a uniformly sampled set of 10000 p-values.
#   Estimating pi_0.
# Minimal pi_zero = 0.985455
#   Estimated pi_0=0.993968
Using motif +PTBP1_1013 of width 11.
Using motif -PTBP1_1013 of width 11.
Finding best site passing the output threshold in each of the 824 sequences.
Found a best site in 262 sequences.
Computing q-values.
# Computing q-values.
#   Estimating pi_0 from a uniformly sampled set of 10000 p-values.
#   Estimating pi_0.
# Minimal pi_zero = 0.959755
#   Estimated pi_0=0.960694
Using motif +MBNL1_s30 of width 6.
Using motif -MBNL1_s30 of width 6.
Finding best site passing the output threshold in each of the 824 sequences.
Found a best site in 0 sequences.
Computing q-values.
Using motif +ELAVL1_M108_0.6 of width 7.
Using motif -ELAVL1_M108_0.6 of width 7.
Finding best site passing the output threshold in each of the 824 sequences.
Found a best site in 315 sequences.
Computing q-values.
# Computing q-values.
#   Estimating pi_0 from a uniformly sampled set of 10000 p-values.
#   Estimating pi_0.
# Minimal pi_zero = 0.965926
#   Estimated pi_0=0.970751
Using motif +SRSF1_M273_0.6 of width 7.
Using motif -SRSF1_M273_0.6 of width 7.
Finding best site passing the output threshold in each of the 824 sequences.
Found a best site in 15 sequences.
Computing q-values.
# Computing q-values.
#   Estimating pi_0 from a uniformly sampled set of 10000 p-values.
#   Estimating pi_0.
# Minimal pi_zero = 1.00312
#   Estimated pi_0=1
Using motif +ELAVL1_1104 of width 5.
Using motif -ELAVL1_1104 of width 5.
Finding best site passing the output threshold in each of the 824 sequences.
Found a best site in 0 sequences.
Computing q-values.
Using motif +HNRNPA1_652 of width 5.
Using motif -HNRNPA1_652 of width 5.
Finding best site passing the output threshold in each of the 824 sequences.
Found a best site in 0 sequences.
Computing q-values.
Using motif +FUS_1061 of width 7.
Using motif -FUS_1061 of width 7.
Finding best site passing the output threshold in each of the 824 sequences.
Found a best site in 0 sequences.
Computing q-values.
Using motif +KHDRBS1_M160_0.6 of width 7.
Using motif -KHDRBS1_M160_0.6 of width 7.
Finding best site passing the output threshold in each of the 824 sequences.
Found a best site in 204 sequences.
Computing q-values.
# Computing q-values.
#   Estimating pi_0 from a uniformly sampled set of 10000 p-values.
#   Estimating pi_0.
# Minimal pi_zero = 0.983333
#   Estimated pi_0=0.984813
Using motif +SRSF1_s51 of width 7.
Using motif -SRSF1_s51 of width 7.
Finding best site passing the output threshold in each of the 824 sequences.
Found a best site in 8 sequences.
Computing q-values.
# Computing q-values.
#   Estimating pi_0 from a uniformly sampled set of 10000 p-values.
#   Estimating pi_0.
# Minimal pi_zero = 0.995283
#   Estimated pi_0=1
Using motif +HNRNPA2B1_698 of width 5.
Using motif -HNRNPA2B1_698 of width 5.
Finding best site passing the output threshold in each of the 824 sequences.
Found a best site in 0 sequences.
Computing q-values.
Using motif +MBNL1_M037_0.6 of width 7.
Using motif -MBNL1_M037_0.6 of width 7.
Finding best site passing the output threshold in each of the 824 sequences.
Found a best site in 96 sequences.
Computing q-values.
# Computing q-values.
#   Estimating pi_0 from a uniformly sampled set of 10000 p-values.
#   Estimating pi_0.
# Minimal pi_zero = 0.982293
#   Estimated pi_0=0.989333
Using motif +PTBP1_1014 of width 7.
Using motif -PTBP1_1014 of width 7.
Finding best site passing the output threshold in each of the 824 sequences.
Found a best site in 165 sequences.
Computing q-values.
# Computing q-values.
#   Estimating pi_0 from a uniformly sampled set of 10000 p-values.
#   Estimating pi_0.
# Minimal pi_zero = 0.971214
#   Estimated pi_0=0.975301
Using motif +ELAVL1_M112_0.6 of width 7.
Using motif -ELAVL1_M112_0.6 of width 7.
Finding best site passing the output threshold in each of the 824 sequences.
Found a best site in 315 sequences.
Computing q-values.
# Computing q-values.
#   Estimating pi_0 from a uniformly sampled set of 10000 p-values.
#   Estimating pi_0.
# Minimal pi_zero = 0.974074
#   Estimated pi_0=0.977095
Using motif +PTBP1_1009 of width 9.
Using motif -PTBP1_1009 of width 9.
Finding best site passing the output threshold in each of the 824 sequences.
Found a best site in 231 sequences.
Computing q-values.
# Computing q-values.
#   Estimating pi_0 from a uniformly sampled set of 10000 p-values.
#   Estimating pi_0.
# Minimal pi_zero = 0.978545
#   Estimated pi_0=0.981481
Using motif +PTBP1_31 of width 4.
Using motif -PTBP1_31 of width 4.
Finding best site passing the output threshold in each of the 824 sequences.
Found a best site in 0 sequences.
Computing q-values.
Using motif +PTBP2_1134 of width 6.
Using motif -PTBP2_1134 of width 6.
Finding best site passing the output threshold in each of the 824 sequences.
Found a best site in 0 sequences.
Computing q-values.
Using motif +NOVA2_M325_0.6 of width 16.
Using motif -NOVA2_M325_0.6 of width 16.
Finding best site passing the output threshold in each of the 824 sequences.
Found a best site in 153 sequences.
Computing q-values.
# Computing q-values.
#   Estimating pi_0 from a uniformly sampled set of 10000 p-values.
#   Estimating pi_0.
# Minimal pi_zero = 0.998974
#   Estimated pi_0=0.999296
Using motif +HNRNPA1_665 of width 5.
Using motif -HNRNPA1_665 of width 5.
Finding best site passing the output threshold in each of the 824 sequences.
Found a best site in 0 sequences.
Computing q-values.
Using motif +HNRNPA1_647 of width 10.
Using motif -HNRNPA1_647 of width 10.
Finding best site passing the output threshold in each of the 824 sequences.
Found a best site in 98 sequences.
Computing q-values.
# Computing q-values.
#   Estimating pi_0 from a uniformly sampled set of 10000 p-values.
#   Estimating pi_0.
# Minimal pi_zero = 0.976863
#   Estimated pi_0=0.999899
Using motif +ZFP36_155 of width 6.
Using motif -ZFP36_155 of width 6.
Finding best site passing the output threshold in each of the 824 sequences.
Found a best site in 0 sequences.
Computing q-values.
Using motif +HNRNPA1_43 of width 12.
Using motif -HNRNPA1_43 of width 12.
Finding best site passing the output threshold in each of the 824 sequences.
Found a best site in 155 sequences.
Computing q-values.
# Computing q-values.
#   Estimating pi_0 from a uniformly sampled set of 10000 p-values.
#   Estimating pi_0.
# Minimal pi_zero = 0.991071
#   Estimated pi_0=0.999899
Using motif +PTBP1_8 of width 5.
Using motif -PTBP1_8 of width 5.
Finding best site passing the output threshold in each of the 824 sequences.
Found a best site in 0 sequences.
Computing q-values.
Using motif +HNRNPA2B1_706 of width 11.
Using motif -HNRNPA2B1_706 of width 11.
Finding best site passing the output threshold in each of the 824 sequences.
Found a best site in 172 sequences.
Computing q-values.
# Computing q-values.
#   Estimating pi_0 from a uniformly sampled set of 10000 p-values.
#   Estimating pi_0.
# Minimal pi_zero = 0.993048
#   Estimated pi_0=0.996364
Using motif +ZFP36_138 of width 5.
Using motif -ZFP36_138 of width 5.
Finding best site passing the output threshold in each of the 824 sequences.
Found a best site in 0 sequences.
Computing q-values.
Using motif +PTBP1_s12 of width 6.
Using motif -PTBP1_s12 of width 6.
Finding best site passing the output threshold in each of the 824 sequences.
Found a best site in 0 sequences.
Computing q-values.
Using motif +KHDRBS1_1157 of width 5.
Using motif -KHDRBS1_1157 of width 5.
Finding best site passing the output threshold in each of the 824 sequences.
Found a best site in 0 sequences.
Computing q-values.
Using motif +SRSF1_s99 of width 7.
Using motif -SRSF1_s99 of width 7.
Finding best site passing the output threshold in each of the 824 sequences.
Found a best site in 19 sequences.
Computing q-values.
# Computing q-values.
#   Estimating pi_0 from a uniformly sampled set of 10000 p-values.
#   Estimating pi_0.
# Minimal pi_zero = 0.998765
#   Estimated pi_0=1
Using motif +ZFP36_49 of width 6.
Using motif -ZFP36_49 of width 6.
Finding best site passing the output threshold in each of the 824 sequences.
Found a best site in 0 sequences.
Computing q-values.
Using motif +HNRNPA1_663 of width 6.
Using motif -HNRNPA1_663 of width 6.
Finding best site passing the output threshold in each of the 824 sequences.
Found a best site in 0 sequences.
Computing q-values.
Using motif +HNRNPA1_681 of width 6.
Using motif -HNRNPA1_681 of width 6.
Finding best site passing the output threshold in each of the 824 sequences.
Found a best site in 0 sequences.
Computing q-values.
Using motif +KHDRBS1_s34 of width 6.
Using motif -KHDRBS1_s34 of width 6.
Finding best site passing the output threshold in each of the 824 sequences.
Found a best site in 0 sequences.
Computing q-values.
Using motif +HNRNPA2B1_710 of width 6.
Using motif -HNRNPA2B1_710 of width 6.
Finding best site passing the output threshold in each of the 824 sequences.
Found a best site in 0 sequences.
Computing q-values.
Using motif +PTBP1_1004 of width 6.
Using motif -PTBP1_1004 of width 6.
Finding best site passing the output threshold in each of the 824 sequences.
Found a best site in 0 sequences.
Computing q-values.
Using motif +QKI_104 of width 12.
Using motif -QKI_104 of width 12.
Finding best site passing the output threshold in each of the 824 sequences.
Found a best site in 176 sequences.
Computing q-values.
# Computing q-values.
#   Estimating pi_0 from a uniformly sampled set of 10000 p-values.
#   Estimating pi_0.
# Minimal pi_zero = 0.987769
#   Estimated pi_0=0.995102
Using motif +MBNL1_1123 of width 6.
Using motif -MBNL1_1123 of width 6.
Finding best site passing the output threshold in each of the 824 sequences.
Found a best site in 0 sequences.
Computing q-values.
Using motif +HNRNPA1_651 of width 5.
Using motif -HNRNPA1_651 of width 5.
Finding best site passing the output threshold in each of the 824 sequences.
Found a best site in 0 sequences.
Computing q-values.
Using motif +KHDRBS1_M060_0.6 of width 7.
Using motif -KHDRBS1_M060_0.6 of width 7.
Finding best site passing the output threshold in each of the 824 sequences.
Found a best site in 141 sequences.
Computing q-values.
# Computing q-values.
#   Estimating pi_0 from a uniformly sampled set of 10000 p-values.
#   Estimating pi_0.
# Minimal pi_zero = 0.986602
#   Estimated pi_0=0.995408
Using motif +HNRNPA1_664 of width 6.
Using motif -HNRNPA1_664 of width 6.
Finding best site passing the output threshold in each of the 824 sequences.
Found a best site in 0 sequences.
Computing q-values.
Using motif +TARDBP_1282 of width 10.
Using motif -TARDBP_1282 of width 10.
Finding best site passing the output threshold in each of the 824 sequences.
Found a best site in 267 sequences.
Computing q-values.
# Computing q-values.
#   Estimating pi_0 from a uniformly sampled set of 10000 p-values.
#   Estimating pi_0.
# Minimal pi_zero = 0.984725
#   Estimated pi_0=0.988878
Using motif +HNRNPA1_696 of width 6.
Using motif -HNRNPA1_696 of width 6.
Finding best site passing the output threshold in each of the 824 sequences.
Found a best site in 0 sequences.
Computing q-values.
Using motif +PTBP1_1018 of width 7.
Using motif -PTBP1_1018 of width 7.
Finding best site passing the output threshold in each of the 824 sequences.
Found a best site in 0 sequences.
Computing q-values.
Using motif +PTBP1_11 of width 4.
Using motif -PTBP1_11 of width 4.
Finding best site passing the output threshold in each of the 824 sequences.
Found a best site in 0 sequences.
Computing q-values.
Using motif +PTBP1_1002 of width 8.
Using motif -PTBP1_1002 of width 8.
Finding best site passing the output threshold in each of the 824 sequences.
Found a best site in 83 sequences.
Computing q-values.
# Computing q-values.
#   Estimating pi_0 from a uniformly sampled set of 10000 p-values.
#   Estimating pi_0.
# Minimal pi_zero = 0.978079
#   Estimated pi_0=0.984865
Using motif +NUDT21_420 of width 5.
Using motif -NUDT21_420 of width 5.
Finding best site passing the output threshold in each of the 824 sequences.
Found a best site in 0 sequences.
Computing q-values.
Using motif +SRSF1_M104_0.6 of width 7.
Using motif -SRSF1_M104_0.6 of width 7.
Finding best site passing the output threshold in each of the 824 sequences.
Found a best site in 283 sequences.
Computing q-values.
# Computing q-values.
#   Estimating pi_0 from a uniformly sampled set of 10000 p-values.
#   Estimating pi_0.
# Minimal pi_zero = 0.994074
#   Estimated pi_0=0.995578
Using motif +NOVA2_179 of width 4.
Using motif -NOVA2_179 of width 4.
Finding best site passing the output threshold in each of the 824 sequences.
Found a best site in 0 sequences.
Computing q-values.
Using motif +ELAVL1_1108 of width 7.
Using motif -ELAVL1_1108 of width 7.
Finding best site passing the output threshold in each of the 824 sequences.
Found a best site in 0 sequences.
Computing q-values.
Using motif +SRSF1_M103_0.6 of width 7.
Using motif -SRSF1_M103_0.6 of width 7.
Finding best site passing the output threshold in each of the 824 sequences.
Found a best site in 230 sequences.
Computing q-values.
# Computing q-values.
#   Estimating pi_0 from a uniformly sampled set of 10000 p-values.
#   Estimating pi_0.
# Minimal pi_zero = 0.99163
#   Estimated pi_0=0.996884
Using motif +SRSF1_126 of width 7.
Using motif -SRSF1_126 of width 7.
Finding best site passing the output threshold in each of the 824 sequences.
Found a best site in 0 sequences.
Computing q-values.
Using motif +PTBP1_539 of width 5.
Using motif -PTBP1_539 of width 5.
Finding best site passing the output threshold in each of the 824 sequences.
Found a best site in 0 sequences.
Computing q-values.
Using motif +ELAVL1_161 of width 12.
Using motif -ELAVL1_161 of width 12.
Finding best site passing the output threshold in each of the 824 sequences.
Found a best site in 340 sequences.
Computing q-values.
# Computing q-values.
#   Estimating pi_0 from a uniformly sampled set of 10000 p-values.
#   Estimating pi_0.
# Minimal pi_zero = 0.9644
#   Estimated pi_0=0.971923
Using motif +QKI_1139 of width 5.
Using motif -QKI_1139 of width 5.
Finding best site passing the output threshold in each of the 824 sequences.
Found a best site in 0 sequences.
Computing q-values.
Using motif +HNRNPA2B1_702 of width 6.
Using motif -HNRNPA2B1_702 of width 6.
Finding best site passing the output threshold in each of the 824 sequences.
Found a best site in 0 sequences.
Computing q-values.
Using motif +HNRNPA2B1_703 of width 11.
Using motif -HNRNPA2B1_703 of width 11.
Finding best site passing the output threshold in each of the 824 sequences.
Found a best site in 187 sequences.
Computing q-values.
# Computing q-values.
#   Estimating pi_0 from a uniformly sampled set of 10000 p-values.
#   Estimating pi_0.
# Minimal pi_zero = 0.994667
#   Estimated pi_0=0.999095
Using motif +HNRNPA2B1_699 of width 6.
Using motif -HNRNPA2B1_699 of width 6.
Finding best site passing the output threshold in each of the 824 sequences.
Found a best site in 0 sequences.
Computing q-values.
Using motif +PTBP1_165 of width 4.
Using motif -PTBP1_165 of width 4.
Finding best site passing the output threshold in each of the 824 sequences.
Found a best site in 0 sequences.
Computing q-values.
Using motif +NOVA2_s95 of width 7.
Using motif -NOVA2_s95 of width 7.
Finding best site passing the output threshold in each of the 824 sequences.
Found a best site in 0 sequences.
Computing q-values.
Using motif +HNRNPA1_657 of width 6.
Using motif -HNRNPA1_657 of width 6.
Finding best site passing the output threshold in each of the 824 sequences.
Found a best site in 0 sequences.
Computing q-values.
Using motif +PTBP1_1008 of width 6.
Using motif -PTBP1_1008 of width 6.
Finding best site passing the output threshold in each of the 824 sequences.
Found a best site in 0 sequences.
Computing q-values.
Using motif +NOVA1_s27 of width 6.
Using motif -NOVA1_s27 of width 6.
Finding best site passing the output threshold in each of the 824 sequences.
Found a best site in 0 sequences.
Computing q-values.
Using motif +NOVA1_s94 of width 12.
Using motif -NOVA1_s94 of width 12.
Finding best site passing the output threshold in each of the 824 sequences.
Found a best site in 154 sequences.
Computing q-values.
# Computing q-values.
#   Estimating pi_0 from a uniformly sampled set of 10000 p-values.
#   Estimating pi_0.
# Minimal pi_zero = 0.986405
#   Estimated pi_0=0.98957
Using motif +FUS_1060 of width 7.
Using motif -FUS_1060 of width 7.
Finding best site passing the output threshold in each of the 824 sequences.
Found a best site in 93 sequences.
Computing q-values.
# Computing q-values.
#   Estimating pi_0 from a uniformly sampled set of 10000 p-values.
#   Estimating pi_0.
# Minimal pi_zero = 0.988571
#   Estimated pi_0=0.995051
Using motif +HNRNPA1_646 of width 6.
Using motif -HNRNPA1_646 of width 6.
Finding best site passing the output threshold in each of the 824 sequences.
Found a best site in 0 sequences.
Computing q-values.
Using motif +SRSF1_1215 of width 9.
Using motif -SRSF1_1215 of width 9.
Finding best site passing the output threshold in each of the 824 sequences.
Found a best site in 203 sequences.
Computing q-values.
# Computing q-values.
#   Estimating pi_0 from a uniformly sampled set of 10000 p-values.
#   Estimating pi_0.
# Minimal pi_zero = 0.974904
#   Estimated pi_0=0.976064
Using motif +SRSF1_s48 of width 7.
Using motif -SRSF1_s48 of width 7.
Finding best site passing the output threshold in each of the 824 sequences.
Found a best site in 21 sequences.
Computing q-values.
# Computing q-values.
#   Estimating pi_0 from a uniformly sampled set of 10000 p-values.
#   Estimating pi_0.
# Minimal pi_zero = 1.00201
#   Estimated pi_0=1
Using motif +NOVA2_492 of width 7.
Using motif -NOVA2_492 of width 7.
Finding best site passing the output threshold in each of the 824 sequences.
Found a best site in 46 sequences.
Computing q-values.
# Computing q-values.
#   Estimating pi_0 from a uniformly sampled set of 10000 p-values.
#   Estimating pi_0.
# Minimal pi_zero = 0.99976
#   Estimated pi_0=1
Using motif +HNRNPA1_695 of width 6.
Using motif -HNRNPA1_695 of width 6.
Finding best site passing the output threshold in each of the 824 sequences.
Found a best site in 0 sequences.
Computing q-values.
Using motif +FUS_1059 of width 7.
Using motif -FUS_1059 of width 7.
Finding best site passing the output threshold in each of the 824 sequences.
Found a best site in 93 sequences.
Computing q-values.
# Computing q-values.
#   Estimating pi_0 from a uniformly sampled set of 10000 p-values.
#   Estimating pi_0.
# Minimal pi_zero = 0.982328
#   Estimated pi_0=0.982328
Using motif +HNRNPA1_659 of width 10.
Using motif -HNRNPA1_659 of width 10.
Finding best site passing the output threshold in each of the 824 sequences.
Found a best site in 167 sequences.
Computing q-values.
# Computing q-values.
#   Estimating pi_0 from a uniformly sampled set of 10000 p-values.
#   Estimating pi_0.
# Minimal pi_zero = 0.997538
#   Estimated pi_0=0.999598
Using motif +HNRNPA1_643 of width 6.
Using motif -HNRNPA1_643 of width 6.
Finding best site passing the output threshold in each of the 824 sequences.
Found a best site in 0 sequences.
Computing q-values.
Using motif +ELAVL1_512 of width 4.
Using motif -ELAVL1_512 of width 4.
Finding best site passing the output threshold in each of the 824 sequences.
Found a best site in 0 sequences.
Computing q-values.
Using motif +PTBP1_1012 of width 11.
Using motif -PTBP1_1012 of width 11.
Finding best site passing the output threshold in each of the 824 sequences.
Found a best site in 262 sequences.
Computing q-values.
# Computing q-values.
#   Estimating pi_0 from a uniformly sampled set of 10000 p-values.
#   Estimating pi_0.
# Minimal pi_zero = 0.963721
#   Estimated pi_0=0.974632
Using motif +PTBP1_1001 of width 6.
Using motif -PTBP1_1001 of width 6.
Finding best site passing the output threshold in each of the 824 sequences.
Found a best site in 0 sequences.
Computing q-values.
Using motif +PABPN1_M148_0.6 of width 7.
Using motif -PABPN1_M148_0.6 of width 7.
Finding best site passing the output threshold in each of the 824 sequences.
Found a best site in 124 sequences.
Computing q-values.
# Computing q-values.
#   Estimating pi_0 from a uniformly sampled set of 10000 p-values.
#   Estimating pi_0.
# Minimal pi_zero = 0.953918
#   Estimated pi_0=0.955349
Using motif +PTBP1_991 of width 7.
Using motif -PTBP1_991 of width 7.
Finding best site passing the output threshold in each of the 824 sequences.
Found a best site in 315 sequences.
Computing q-values.
# Computing q-values.
#   Estimating pi_0 from a uniformly sampled set of 10000 p-values.
#   Estimating pi_0.
# Minimal pi_zero = 0.96104
#   Estimated pi_0=0.963222
Using motif +KHDRBS1_1156 of width 6.
Using motif -KHDRBS1_1156 of width 6.
Finding best site passing the output threshold in each of the 824 sequences.
Found a best site in 0 sequences.
Computing q-values.
Using motif +ELAVL1_M232_0.6 of width 7.
Using motif -ELAVL1_M232_0.6 of width 7.
Finding best site passing the output threshold in each of the 824 sequences.
Found a best site in 0 sequences.
Computing q-values.
Using motif +HNRNPA2B1_697 of width 10.
Using motif -HNRNPA2B1_697 of width 10.
Finding best site passing the output threshold in each of the 824 sequences.
Found a best site in 98 sequences.
Computing q-values.
# Computing q-values.
#   Estimating pi_0 from a uniformly sampled set of 10000 p-values.
#   Estimating pi_0.
# Minimal pi_zero = 1.00101
#   Estimated pi_0=1
Using motif +TARDBP_1280 of width 12.
Using motif -TARDBP_1280 of width 12.
Finding best site passing the output threshold in each of the 824 sequences.
Found a best site in 273 sequences.
Computing q-values.
# Computing q-values.
#   Estimating pi_0 from a uniformly sampled set of 10000 p-values.
#   Estimating pi_0.
# Minimal pi_zero = 0.96439
#   Estimated pi_0=0.975829
Using motif +HNRNPA1_658 of width 6.
Using motif -HNRNPA1_658 of width 6.
Finding best site passing the output threshold in each of the 824 sequences.
Found a best site in 0 sequences.
Computing q-values.
Using motif +SRSF1_M351_0.6 of width 10.
Using motif -SRSF1_M351_0.6 of width 10.
Finding best site passing the output threshold in each of the 824 sequences.
Found a best site in 170 sequences.
Computing q-values.
# Computing q-values.
#   Estimating pi_0 from a uniformly sampled set of 10000 p-values.
#   Estimating pi_0.
# Minimal pi_zero = 0.979125
#   Estimated pi_0=0.98871
Using motif +TARDBP_541 of width 8.
Using motif -TARDBP_541 of width 8.
Finding best site passing the output threshold in each of the 824 sequences.
Found a best site in 40 sequences.
Computing q-values.
# Computing q-values.
#   Estimating pi_0 from a uniformly sampled set of 10000 p-values.
#   Estimating pi_0.
# Minimal pi_zero = 0.984923
#   Estimated pi_0=0.997677
Using motif +HNRNPA1_662 of width 6.
Using motif -HNRNPA1_662 of width 6.
Finding best site passing the output threshold in each of the 824 sequences.
Found a best site in 0 sequences.
Computing q-values.
Using motif +HNRNPA2B1_704 of width 11.
Using motif -HNRNPA2B1_704 of width 11.
Finding best site passing the output threshold in each of the 824 sequences.
Found a best site in 179 sequences.
Computing q-values.
# Computing q-values.
#   Estimating pi_0 from a uniformly sampled set of 10000 p-values.
#   Estimating pi_0.
# Minimal pi_zero = 0.989333
#   Estimated pi_0=0.998586
Using motif +SRSF1_1240 of width 7.
Using motif -SRSF1_1240 of width 7.
Finding best site passing the output threshold in each of the 824 sequences.
Found a best site in 33 sequences.
Computing q-values.
# Computing q-values.
#   Estimating pi_0 from a uniformly sampled set of 10000 p-values.
#   Estimating pi_0.
# Minimal pi_zero = 1.00288
#   Estimated pi_0=1
Using motif +PTBP1_992 of width 6.
Using motif -PTBP1_992 of width 6.
Finding best site passing the output threshold in each of the 824 sequences.
Found a best site in 0 sequences.
Computing q-values.
Using motif +PTBP1_996 of width 8.
Using motif -PTBP1_996 of width 8.
Finding best site passing the output threshold in each of the 824 sequences.
Found a best site in 246 sequences.
Computing q-values.
# Computing q-values.
#   Estimating pi_0 from a uniformly sampled set of 10000 p-values.
#   Estimating pi_0.
# Minimal pi_zero = 0.991606
#   Estimated pi_0=0.993026
Using motif +NOVA1_1130 of width 5.
Using motif -NOVA1_1130 of width 5.
Finding best site passing the output threshold in each of the 824 sequences.
Found a best site in 0 sequences.
Computing q-values.
Using motif +PTBP1_1023 of width 8.
Using motif -PTBP1_1023 of width 8.
Finding best site passing the output threshold in each of the 824 sequences.
Found a best site in 81 sequences.
Computing q-values.
# Computing q-values.
#   Estimating pi_0 from a uniformly sampled set of 10000 p-values.
#   Estimating pi_0.
# Minimal pi_zero = 0.976686
#   Estimated pi_0=0.976686
Using motif +NOVA2_s96 of width 7.
Using motif -NOVA2_s96 of width 7.
Finding best site passing the output threshold in each of the 824 sequences.
Found a best site in 93 sequences.
Computing q-values.
# Computing q-values.
#   Estimating pi_0 from a uniformly sampled set of 10000 p-values.
#   Estimating pi_0.
# Minimal pi_zero = 0.98455
#   Estimated pi_0=0.98455
Using motif +NUDT21_575 of width 5.
Using motif -NUDT21_575 of width 5.
Finding best site passing the output threshold in each of the 824 sequences.
Found a best site in 0 sequences.
Computing q-values.
Using motif +HNRNPA2B1_M024_0.6 of width 7.
Using motif -HNRNPA2B1_M024_0.6 of width 7.
Finding best site passing the output threshold in each of the 824 sequences.
Found a best site in 86 sequences.
Computing q-values.
# Computing q-values.
#   Estimating pi_0 from a uniformly sampled set of 10000 p-values.
#   Estimating pi_0.
# Minimal pi_zero = 0.990957
#   Estimated pi_0=0.993161
Using motif +HNRNPA1_683 of width 7.
Using motif -HNRNPA1_683 of width 7.
Finding best site passing the output threshold in each of the 824 sequences.
Found a best site in 0 sequences.
Computing q-values.
Using motif +HNRNPA1_656 of width 6.
Using motif -HNRNPA1_656 of width 6.
Finding best site passing the output threshold in each of the 824 sequences.
Found a best site in 0 sequences.
Computing q-values.
Using motif +TARDBP_1277 of width 7.
Using motif -TARDBP_1277 of width 7.
Finding best site passing the output threshold in each of the 824 sequences.
Found a best site in 87 sequences.
Computing q-values.
# Computing q-values.
#   Estimating pi_0 from a uniformly sampled set of 10000 p-values.
#   Estimating pi_0.
# Minimal pi_zero = 0.98144
#   Estimated pi_0=0.992826
Using motif +SRSF1_1236 of width 7.
Using motif -SRSF1_1236 of width 7.
Finding best site passing the output threshold in each of the 824 sequences.
Found a best site in 49 sequences.
Computing q-values.
# Computing q-values.
#   Estimating pi_0 from a uniformly sampled set of 10000 p-values.
#   Estimating pi_0.
# Minimal pi_zero = 0.995183
#   Estimated pi_0=0.999394
Using motif +PTBP1_1006 of width 6.
Using motif -PTBP1_1006 of width 6.
Finding best site passing the output threshold in each of the 824 sequences.
Found a best site in 0 sequences.
Computing q-values.
Using motif +MBNL1_1121 of width 6.
Using motif -MBNL1_1121 of width 6.
Finding best site passing the output threshold in each of the 824 sequences.
Found a best site in 0 sequences.
Computing q-values.
Using motif +HNRNPA1_183 of width 11.
Using motif -HNRNPA1_183 of width 11.
Finding best site passing the output threshold in each of the 824 sequences.
Found a best site in 193 sequences.
Computing q-values.
# Computing q-values.
#   Estimating pi_0 from a uniformly sampled set of 10000 p-values.
#   Estimating pi_0.
# Minimal pi_zero = 0.992955
#   Estimated pi_0=0.997172
Using motif +PTBP1_71 of width 8.
Using motif -PTBP1_71 of width 8.
Finding best site passing the output threshold in each of the 824 sequences.
Found a best site in 81 sequences.
Computing q-values.
# Computing q-values.
#   Estimating pi_0 from a uniformly sampled set of 10000 p-values.
#   Estimating pi_0.
# Minimal pi_zero = 0.9856
#   Estimated pi_0=0.986425
Using motif +NOVA1_459 of width 5.
Using motif -NOVA1_459 of width 5.
Finding best site passing the output threshold in each of the 824 sequences.
Found a best site in 0 sequences.
Computing q-values.
Using motif +SRSF1_1231 of width 8.
Using motif -SRSF1_1231 of width 8.
Finding best site passing the output threshold in each of the 824 sequences.
Found a best site in 207 sequences.
Computing q-values.
# Computing q-values.
#   Estimating pi_0 from a uniformly sampled set of 10000 p-values.
#   Estimating pi_0.
# Minimal pi_zero = 0.993946
#   Estimated pi_0=0.997387
Using motif +SRSF1_1220 of width 6.
Using motif -SRSF1_1220 of width 6.
Finding best site passing the output threshold in each of the 824 sequences.
Found a best site in 0 sequences.
Computing q-values.
Using motif +KHDRBS1_s33 of width 6.
Using motif -KHDRBS1_s33 of width 6.
Finding best site passing the output threshold in each of the 824 sequences.
Found a best site in 0 sequences.
Computing q-values.
Using motif +SRSF1_375 of width 8.
Using motif -SRSF1_375 of width 8.
Finding best site passing the output threshold in each of the 824 sequences.
Found a best site in 31 sequences.
Computing q-values.
# Computing q-values.
#   Estimating pi_0 from a uniformly sampled set of 10000 p-values.
#   Estimating pi_0.
# Minimal pi_zero = 0.995053
#   Estimated pi_0=0.998794
Using motif +PTBP1_995 of width 12.
Using motif -PTBP1_995 of width 12.
Finding best site passing the output threshold in each of the 824 sequences.
Found a best site in 178 sequences.
Computing q-values.
# Computing q-values.
#   Estimating pi_0 from a uniformly sampled set of 10000 p-values.
#   Estimating pi_0.
# Minimal pi_zero = 0.975404
#   Estimated pi_0=0.978602
Using motif +PTBP1_997 of width 6.
Using motif -PTBP1_997 of width 6.
Finding best site passing the output threshold in each of the 824 sequences.
Found a best site in 0 sequences.
Computing q-values.
Using motif +ELAVL1_84 of width 11.
Using motif -ELAVL1_84 of width 11.
Finding best site passing the output threshold in each of the 824 sequences.
Found a best site in 165 sequences.
Computing q-values.
# Computing q-values.
#   Estimating pi_0 from a uniformly sampled set of 10000 p-values.
#   Estimating pi_0.
# Minimal pi_zero = 0.963114
#   Estimated pi_0=0.963114
Using motif +SRSF1_s22 of width 10.
Using motif -SRSF1_s22 of width 10.
Finding best site passing the output threshold in each of the 824 sequences.
Found a best site in 180 sequences.
Computing q-values.
# Computing q-values.
#   Estimating pi_0 from a uniformly sampled set of 10000 p-values.
#   Estimating pi_0.
# Minimal pi_zero = 0.98069
#   Estimated pi_0=0.98956
Using motif +PTBP1_1022 of width 8.
Using motif -PTBP1_1022 of width 8.
Finding best site passing the output threshold in each of the 824 sequences.
Found a best site in 61 sequences.
Computing q-values.
# Computing q-values.
#   Estimating pi_0 from a uniformly sampled set of 10000 p-values.
#   Estimating pi_0.
# Minimal pi_zero = 0.979752
#   Estimated pi_0=0.980238
Using motif +PTBP1_133 of width 6.
Using motif -PTBP1_133 of width 6.
Finding best site passing the output threshold in each of the 824 sequences.
Found a best site in 0 sequences.
Computing q-values.
Using motif +HNRNPA1_648 of width 6.
Using motif -HNRNPA1_648 of width 6.
Finding best site passing the output threshold in each of the 824 sequences.
Found a best site in 0 sequences.
Computing q-values.
Using motif +SRSF1_1238 of width 7.
Using motif -SRSF1_1238 of width 7.
Finding best site passing the output threshold in each of the 824 sequences.
Found a best site in 71 sequences.
Computing q-values.
# Computing q-values.
#   Estimating pi_0 from a uniformly sampled set of 10000 p-values.
#   Estimating pi_0.
# Minimal pi_zero = 1
#   Estimated pi_0=1
Using motif +QKI_352 of width 6.
Using motif -QKI_352 of width 6.
Finding best site passing the output threshold in each of the 824 sequences.
Found a best site in 0 sequences.
Computing q-values.
Using motif +HNRNPA1_645 of width 7.
Using motif -HNRNPA1_645 of width 7.
Finding best site passing the output threshold in each of the 824 sequences.
Found a best site in 80 sequences.
Computing q-values.
# Computing q-values.
#   Estimating pi_0 from a uniformly sampled set of 10000 p-values.
#   Estimating pi_0.
# Minimal pi_zero = 0.987808
#   Estimated pi_0=1
Using motif +HNRNPA1_654 of width 5.
Using motif -HNRNPA1_654 of width 5.
Finding best site passing the output threshold in each of the 824 sequences.
Found a best site in 0 sequences.
Computing q-values.
Using motif +HNRNPA1_688 of width 10.
Using motif -HNRNPA1_688 of width 10.
Finding best site passing the output threshold in each of the 824 sequences.
Found a best site in 63 sequences.
Computing q-values.
# Computing q-values.
#   Estimating pi_0 from a uniformly sampled set of 10000 p-values.
#   Estimating pi_0.
# Minimal pi_zero = 0.998305
#   Estimated pi_0=1
Using motif +PTBP1_M227_0.6 of width 7.
Using motif -PTBP1_M227_0.6 of width 7.
Finding best site passing the output threshold in each of the 824 sequences.
Found a best site in 212 sequences.
Computing q-values.
# Computing q-values.
#   Estimating pi_0 from a uniformly sampled set of 10000 p-values.
#   Estimating pi_0.
# Minimal pi_zero = 0.9648
#   Estimated pi_0=0.968876
Using motif +PTBP1_994 of width 9.
Using motif -PTBP1_994 of width 9.
Finding best site passing the output threshold in each of the 824 sequences.
Found a best site in 201 sequences.
Computing q-values.
# Computing q-values.
#   Estimating pi_0 from a uniformly sampled set of 10000 p-values.
#   Estimating pi_0.
# Minimal pi_zero = 0.981646
#   Estimated pi_0=0.988995
Using motif +NOVA2_1133 of width 5.
Using motif -NOVA2_1133 of width 5.
Finding best site passing the output threshold in each of the 824 sequences.
Found a best site in 0 sequences.
Computing q-values.
Using motif +SRSF1_s50 of width 7.
Using motif -SRSF1_s50 of width 7.
Finding best site passing the output threshold in each of the 824 sequences.
Found a best site in 216 sequences.
Computing q-values.
# Computing q-values.
#   Estimating pi_0 from a uniformly sampled set of 10000 p-values.
#   Estimating pi_0.
# Minimal pi_zero = 0.989936
#   Estimated pi_0=0.998995
Using motif +PTBP1_1015 of width 7.
Using motif -PTBP1_1015 of width 7.
Finding best site passing the output threshold in each of the 824 sequences.
Found a best site in 0 sequences.
Computing q-values.
Using motif +PTBP1_1016 of width 7.
Using motif -PTBP1_1016 of width 7.
Finding best site passing the output threshold in each of the 824 sequences.
Found a best site in 93 sequences.
Computing q-values.
# Computing q-values.
#   Estimating pi_0 from a uniformly sampled set of 10000 p-values.
#   Estimating pi_0.
# Minimal pi_zero = 0.988466
#   Estimated pi_0=0.993636
Using motif +SRSF1_1230 of width 10.
Using motif -SRSF1_1230 of width 10.
Finding best site passing the output threshold in each of the 824 sequences.
Found a best site in 156 sequences.
Computing q-values.
# Computing q-values.
#   Estimating pi_0 from a uniformly sampled set of 10000 p-values.
#   Estimating pi_0.
# Minimal pi_zero = 0.969353
#   Estimated pi_0=0.974066
Using motif +TARDBP_178 of width 12.
Using motif -TARDBP_178 of width 12.
Finding best site passing the output threshold in each of the 824 sequences.
Found a best site in 273 sequences.
Computing q-values.
# Computing q-values.
#   Estimating pi_0 from a uniformly sampled set of 10000 p-values.
#   Estimating pi_0.
# Minimal pi_zero = 0.971545
#   Estimated pi_0=0.979251
Using motif +NOVA1_1127 of width 7.
Using motif -NOVA1_1127 of width 7.
Finding best site passing the output threshold in each of the 824 sequences.
Found a best site in 93 sequences.
Computing q-values.
# Computing q-values.
#   Estimating pi_0 from a uniformly sampled set of 10000 p-values.
#   Estimating pi_0.
# Minimal pi_zero = 0.984021
#   Estimated pi_0=0.984021
Using motif +MBNL1_1122 of width 10.
Using motif -MBNL1_1122 of width 10.
Finding best site passing the output threshold in each of the 824 sequences.
Found a best site in 214 sequences.
Computing q-values.
# Computing q-values.
#   Estimating pi_0 from a uniformly sampled set of 10000 p-values.
#   Estimating pi_0.
# Minimal pi_zero = 0.968143
#   Estimated pi_0=0.98
Using motif +TARDBP_1279 of width 6.
Using motif -TARDBP_1279 of width 6.
Finding best site passing the output threshold in each of the 824 sequences.
Found a best site in 0 sequences.
Computing q-values.
Using motif +HNRNPA1_642 of width 6.
Using motif -HNRNPA1_642 of width 6.
Finding best site passing the output threshold in each of the 824 sequences.
Found a best site in 0 sequences.
Computing q-values.
Using motif +HNRNPA2B1_700 of width 6.
Using motif -HNRNPA2B1_700 of width 6.
Finding best site passing the output threshold in each of the 824 sequences.
Found a best site in 0 sequences.
Computing q-values.
Using motif +ZFP36_128 of width 5.
Using motif -ZFP36_128 of width 5.
Finding best site passing the output threshold in each of the 824 sequences.
Found a best site in 0 sequences.
Computing q-values.
Using motif +SRSF1_1228 of width 7.
Using motif -SRSF1_1228 of width 7.
Finding best site passing the output threshold in each of the 824 sequences.
Found a best site in 139 sequences.
Computing q-values.
# Computing q-values.
#   Estimating pi_0 from a uniformly sampled set of 10000 p-values.
#   Estimating pi_0.
# Minimal pi_zero = 0.986957
#   Estimated pi_0=0.987135
Using motif +ELAVL1_476 of width 5.
Using motif -ELAVL1_476 of width 5.
Finding best site passing the output threshold in each of the 824 sequences.
Found a best site in 0 sequences.
Computing q-values.
Using motif +SRSF1_1225 of width 8.
Using motif -SRSF1_1225 of width 8.
Finding best site passing the output threshold in each of the 824 sequences.
Found a best site in 54 sequences.
Computing q-values.
# Computing q-values.
#   Estimating pi_0 from a uniformly sampled set of 10000 p-values.
#   Estimating pi_0.
# Minimal pi_zero = 0.979398
#   Estimated pi_0=0.987254
Using motif +HNRNPA1_674 of width 10.
Using motif -HNRNPA1_674 of width 10.
Finding best site passing the output threshold in each of the 824 sequences.
Found a best site in 59 sequences.
Computing q-values.
# Computing q-values.
#   Estimating pi_0 from a uniformly sampled set of 10000 p-values.
#   Estimating pi_0.
# Minimal pi_zero = 0.992639
#   Estimated pi_0=1
Using motif +MBNL1_1124 of width 9.
Using motif -MBNL1_1124 of width 9.
Finding best site passing the output threshold in each of the 824 sequences.
Found a best site in 57 sequences.
Computing q-values.
# Computing q-values.
#   Estimating pi_0 from a uniformly sampled set of 10000 p-values.
#   Estimating pi_0.
# Minimal pi_zero = 1.00089
#   Estimated pi_0=1
Using motif +HNRNPA1_689 of width 6.
Using motif -HNRNPA1_689 of width 6.
Finding best site passing the output threshold in each of the 824 sequences.
Found a best site in 0 sequences.
Computing q-values.
Using motif +PTBP1_117 of width 5.
Using motif -PTBP1_117 of width 5.
Finding best site passing the output threshold in each of the 824 sequences.
Found a best site in 0 sequences.
Computing q-values.
Using motif +SRSF1_1217 of width 11.
Using motif -SRSF1_1217 of width 11.
Finding best site passing the output threshold in each of the 824 sequences.
Found a best site in 28 sequences.
Computing q-values.
# Computing q-values.
#   Estimating pi_0 from a uniformly sampled set of 10000 p-values.
#   Estimating pi_0.
# Minimal pi_zero = 0.976333
#   Estimated pi_0=0.982812
Using motif +HNRNPA1_680 of width 6.
Using motif -HNRNPA1_680 of width 6.
Finding best site passing the output threshold in each of the 824 sequences.
Found a best site in 0 sequences.
Computing q-values.
Using motif +ZFP36_M350_0.6 of width 9.
Using motif -ZFP36_M350_0.6 of width 9.
Finding best site passing the output threshold in each of the 824 sequences.
Found a best site in 241 sequences.
Computing q-values.
# Computing q-values.
#   Estimating pi_0 from a uniformly sampled set of 10000 p-values.
#   Estimating pi_0.
# Minimal pi_zero = 0.970185
#   Estimated pi_0=0.981326
Using motif +NOVA2_564 of width 11.
Using motif -NOVA2_564 of width 11.
Finding best site passing the output threshold in each of the 824 sequences.
Found a best site in 119 sequences.
Computing q-values.
# Computing q-values.
#   Estimating pi_0 from a uniformly sampled set of 10000 p-values.
#   Estimating pi_0.
# Minimal pi_zero = 0.989296
#   Estimated pi_0=0.997868
Using motif +ELAVL1_s101 of width 7.
Using motif -ELAVL1_s101 of width 7.
Finding best site passing the output threshold in each of the 824 sequences.
Found a best site in 0 sequences.
Computing q-values.
Using motif +ELAVL1_M031_0.6 of width 7.
Using motif -ELAVL1_M031_0.6 of width 7.
Finding best site passing the output threshold in each of the 824 sequences.
Found a best site in 0 sequences.
Computing q-values.
Using motif +KHDRBS1_1158 of width 7.
Using motif -KHDRBS1_1158 of width 7.
Finding best site passing the output threshold in each of the 824 sequences.
Found a best site in 0 sequences.
Computing q-values.
Using motif +FUS_1058 of width 7.
Using motif -FUS_1058 of width 7.
Finding best site passing the output threshold in each of the 824 sequences.
Found a best site in 0 sequences.
Computing q-values.
Using motif +PTBP1_993 of width 8.
Using motif -PTBP1_993 of width 8.
Finding best site passing the output threshold in each of the 824 sequences.
Found a best site in 41 sequences.
Computing q-values.
# Computing q-values.
#   Estimating pi_0 from a uniformly sampled set of 10000 p-values.
#   Estimating pi_0.
# Minimal pi_zero = 0.996632
#   Estimated pi_0=0.998693
Using motif +QKI_1138 of width 6.
Using motif -QKI_1138 of width 6.
Finding best site passing the output threshold in each of the 824 sequences.
Found a best site in 0 sequences.
Computing q-values.
Using motif +HNRNPA1_675 of width 6.
Using motif -HNRNPA1_675 of width 6.
Finding best site passing the output threshold in each of the 824 sequences.
Found a best site in 0 sequences.
Computing q-values.
Using motif +TARDBP_1281 of width 8.
Using motif -TARDBP_1281 of width 8.
Finding best site passing the output threshold in each of the 824 sequences.
Found a best site in 169 sequences.
Computing q-values.
# Computing q-values.
#   Estimating pi_0 from a uniformly sampled set of 10000 p-values.
#   Estimating pi_0.
# Minimal pi_zero = 0.982486
#   Estimated pi_0=0.987358
Using motif +MBNL1_1125 of width 9.
Using motif -MBNL1_1125 of width 9.
Finding best site passing the output threshold in each of the 824 sequences.
Found a best site in 121 sequences.
Computing q-values.
# Computing q-values.
#   Estimating pi_0 from a uniformly sampled set of 10000 p-values.
#   Estimating pi_0.
# Minimal pi_zero = 0.981495
#   Estimated pi_0=0.993415
Using motif +PTBP1_1021 of width 5.
Using motif -PTBP1_1021 of width 5.
Finding best site passing the output threshold in each of the 824 sequences.
Found a best site in 0 sequences.
Computing q-values.
Using motif +NOVA1_440 of width 7.
Using motif -NOVA1_440 of width 7.
Finding best site passing the output threshold in each of the 824 sequences.
Found a best site in 117 sequences.
Computing q-values.
# Computing q-values.
#   Estimating pi_0 from a uniformly sampled set of 10000 p-values.
#   Estimating pi_0.
# Minimal pi_zero = 0.99164
#   Estimated pi_0=0.995052
Using motif +SRSF1_167 of width 7.
Using motif -SRSF1_167 of width 7.
Finding best site passing the output threshold in each of the 824 sequences.
Found a best site in 0 sequences.
Computing q-values.
Using motif +HNRNPA1_639 of width 10.
Using motif -HNRNPA1_639 of width 10.
Finding best site passing the output threshold in each of the 824 sequences.
Found a best site in 41 sequences.
Computing q-values.
# Computing q-values.
#   Estimating pi_0 from a uniformly sampled set of 10000 p-values.
#   Estimating pi_0.
# Minimal pi_zero = 0.98019
#   Estimated pi_0=0.990986
Using motif +HNRNPA2B1_707 of width 11.
Using motif -HNRNPA2B1_707 of width 11.
Finding best site passing the output threshold in each of the 824 sequences.
Found a best site in 121 sequences.
Computing q-values.
# Computing q-values.
#   Estimating pi_0 from a uniformly sampled set of 10000 p-values.
#   Estimating pi_0.
# Minimal pi_zero = 0.995714
#   Estimated pi_0=0.998593
Using motif +PTBP1_1019 of width 5.
Using motif -PTBP1_1019 of width 5.
Finding best site passing the output threshold in each of the 824 sequences.
Found a best site in 0 sequences.
Computing q-values.
Using motif +HNRNPA1_641 of width 6.
Using motif -HNRNPA1_641 of width 6.
Finding best site passing the output threshold in each of the 824 sequences.
Found a best site in 0 sequences.
Computing q-values.
Using motif +HNRNPA2B1_708 of width 11.
Using motif -HNRNPA2B1_708 of width 11.
Finding best site passing the output threshold in each of the 824 sequences.
Found a best site in 193 sequences.
Computing q-values.
# Computing q-values.
#   Estimating pi_0 from a uniformly sampled set of 10000 p-values.
#   Estimating pi_0.
# Minimal pi_zero = 0.991789
#   Estimated pi_0=0.99809
Using motif +QKI_1142 of width 6.
Using motif -QKI_1142 of width 6.
Finding best site passing the output threshold in each of the 824 sequences.
Found a best site in 0 sequences.
Computing q-values.
Using motif +HNRNPA1_684 of width 7.
Using motif -HNRNPA1_684 of width 7.
Finding best site passing the output threshold in each of the 824 sequences.
Found a best site in 93 sequences.
Computing q-values.
# Computing q-values.
#   Estimating pi_0 from a uniformly sampled set of 10000 p-values.
#   Estimating pi_0.
# Minimal pi_zero = 0.98836
#   Estimated pi_0=0.995051
Using motif +PTBP1_999 of width 6.
Using motif -PTBP1_999 of width 6.
Finding best site passing the output threshold in each of the 824 sequences.
Found a best site in 0 sequences.
Computing q-values.
Using motif +SRSF1_1232 of width 7.
Using motif -SRSF1_1232 of width 7.
Finding best site passing the output threshold in each of the 824 sequences.
Found a best site in 102 sequences.
Computing q-values.
# Computing q-values.
#   Estimating pi_0 from a uniformly sampled set of 10000 p-values.
#   Estimating pi_0.
# Minimal pi_zero = 0.99797
#   Estimated pi_0=0.998291
Using motif +HNRNPA1_655 of width 8.
Using motif -HNRNPA1_655 of width 8.
Finding best site passing the output threshold in each of the 824 sequences.
Found a best site in 189 sequences.
Computing q-values.
# Computing q-values.
#   Estimating pi_0 from a uniformly sampled set of 10000 p-values.
#   Estimating pi_0.
# Minimal pi_zero = 0.984848
#   Estimated pi_0=0.989072
Using motif +NOVA2_s29 of width 7.
Using motif -NOVA2_s29 of width 7.
Finding best site passing the output threshold in each of the 824 sequences.
Found a best site in 82 sequences.
Computing q-values.
# Computing q-values.
#   Estimating pi_0 from a uniformly sampled set of 10000 p-values.
#   Estimating pi_0.
# Minimal pi_zero = 0.999048
#   Estimated pi_0=1
Using motif +TARDBP_1276 of width 7.
Using motif -TARDBP_1276 of width 7.
Finding best site passing the output threshold in each of the 824 sequences.
Found a best site in 113 sequences.
Computing q-values.
# Computing q-values.
#   Estimating pi_0 from a uniformly sampled set of 10000 p-values.
#   Estimating pi_0.
# Minimal pi_zero = 0.986571
#   Estimated pi_0=0.989674
Using motif +HNRNPA1_678 of width 6.
Using motif -HNRNPA1_678 of width 6.
Finding best site passing the output threshold in each of the 824 sequences.
Found a best site in 0 sequences.
Computing q-values.
Using motif +PTBP1_105 of width 8.
Using motif -PTBP1_105 of width 8.
Finding best site passing the output threshold in each of the 824 sequences.
Found a best site in 61 sequences.
Computing q-values.
# Computing q-values.
#   Estimating pi_0 from a uniformly sampled set of 10000 p-values.
#   Estimating pi_0.
# Minimal pi_zero = 0.98619
#   Estimated pi_0=0.99285
Using motif +HNRNPA2B1_125 of width 11.
Using motif -HNRNPA2B1_125 of width 11.
Finding best site passing the output threshold in each of the 824 sequences.
Found a best site in 193 sequences.
Computing q-values.
# Computing q-values.
#   Estimating pi_0 from a uniformly sampled set of 10000 p-values.
#   Estimating pi_0.
# Minimal pi_zero = 0.995789
#   Estimated pi_0=0.997789
Using motif +TARDBP_M074_0.6 of width 8.
Using motif -TARDBP_M074_0.6 of width 8.
Finding best site passing the output threshold in each of the 824 sequences.
Found a best site in 180 sequences.
Computing q-values.
# Computing q-values.
#   Estimating pi_0 from a uniformly sampled set of 10000 p-values.
#   Estimating pi_0.
# Minimal pi_zero = 0.99
#   Estimated pi_0=0.994197
Using motif +NOVA2_s28 of width 6.
Using motif -NOVA2_s28 of width 6.
Finding best site passing the output threshold in each of the 824 sequences.
Found a best site in 0 sequences.
Computing q-values.
Using motif +PTBP1_1025 of width 6.
Using motif -PTBP1_1025 of width 6.
Finding best site passing the output threshold in each of the 824 sequences.
Found a best site in 0 sequences.
Computing q-values.
Using motif +HNRNPA1_691 of width 6.
Using motif -HNRNPA1_691 of width 6.
Finding best site passing the output threshold in each of the 824 sequences.
Found a best site in 0 sequences.
Computing q-values.
Using motif +ELAVL1_1106 of width 7.
Using motif -ELAVL1_1106 of width 7.
Finding best site passing the output threshold in each of the 824 sequences.
Found a best site in 0 sequences.
Computing q-values.
Using motif +HNRNPA1_687 of width 10.
Using motif -HNRNPA1_687 of width 10.
Finding best site passing the output threshold in each of the 824 sequences.
Found a best site in 106 sequences.
Computing q-values.
# Computing q-values.
#   Estimating pi_0 from a uniformly sampled set of 10000 p-values.
#   Estimating pi_0.
# Minimal pi_zero = 0.991485
#   Estimated pi_0=1
Using motif +NUDT21_499 of width 4.
Using motif -NUDT21_499 of width 4.
Finding best site passing the output threshold in each of the 824 sequences.
Found a best site in 0 sequences.
Computing q-values.
Using motif +QKI_1141 of width 6.
Using motif -QKI_1141 of width 6.
Finding best site passing the output threshold in each of the 824 sequences.
Found a best site in 0 sequences.
Computing q-values.
Using motif +HNRNPA1_686 of width 7.
Using motif -HNRNPA1_686 of width 7.
Finding best site passing the output threshold in each of the 824 sequences.
Found a best site in 0 sequences.
Computing q-values.
Using motif +HNRNPA1_685 of width 7.
Using motif -HNRNPA1_685 of width 7.
Finding best site passing the output threshold in each of the 824 sequences.
Found a best site in 0 sequences.
Computing q-values.
Using motif +SRSF1_M102_0.6 of width 7.
Using motif -SRSF1_M102_0.6 of width 7.
Finding best site passing the output threshold in each of the 824 sequences.
Found a best site in 230 sequences.
Computing q-values.
# Computing q-values.
#   Estimating pi_0 from a uniformly sampled set of 10000 p-values.
#   Estimating pi_0.
# Minimal pi_zero = 0.996205
#   Estimated pi_0=0.996869
Using motif +FUS_s31 of width 6.
Using motif -FUS_s31 of width 6.
Finding best site passing the output threshold in each of the 824 sequences.
Found a best site in 0 sequences.
Computing q-values.
Using motif +SRSF1_1219 of width 6.
Using motif -SRSF1_1219 of width 6.
Finding best site passing the output threshold in each of the 824 sequences.
Found a best site in 0 sequences.
Computing q-values.
Using motif +NOVA1_1132 of width 5.
Using motif -NOVA1_1132 of width 5.
Finding best site passing the output threshold in each of the 824 sequences.
Found a best site in 0 sequences.
Computing q-values.
Using motif +SRSF1_1213 of width 9.
Using motif -SRSF1_1213 of width 9.
Finding best site passing the output threshold in each of the 824 sequences.
Found a best site in 213 sequences.
Computing q-values.
# Computing q-values.
#   Estimating pi_0 from a uniformly sampled set of 10000 p-values.
#   Estimating pi_0.
# Minimal pi_zero = 0.978061
#   Estimated pi_0=0.98381
Using motif +HNRNPA2B1_711 of width 6.
Using motif -HNRNPA2B1_711 of width 6.
Finding best site passing the output threshold in each of the 824 sequences.
Found a best site in 0 sequences.
Computing q-values.
Using motif +HNRNPA1_640 of width 10.
Using motif -HNRNPA1_640 of width 10.
Finding best site passing the output threshold in each of the 824 sequences.
Found a best site in 98 sequences.
Computing q-values.
# Computing q-values.
#   Estimating pi_0 from a uniformly sampled set of 10000 p-values.
#   Estimating pi_0.
# Minimal pi_zero = 0.986535
#   Estimated pi_0=0.999179
Using motif +PTBP1_143 of width 5.
Using motif -PTBP1_143 of width 5.
Finding best site passing the output threshold in each of the 824 sequences.
Found a best site in 0 sequences.
Computing q-values.
Using motif +HNRNPA1_676 of width 6.
Using motif -HNRNPA1_676 of width 6.
Finding best site passing the output threshold in each of the 824 sequences.
Found a best site in 0 sequences.
Computing q-values.
Using motif +PTBP1_1011 of width 11.
Using motif -PTBP1_1011 of width 11.
Finding best site passing the output threshold in each of the 824 sequences.
Found a best site in 201 sequences.
Computing q-values.
# Computing q-values.
#   Estimating pi_0 from a uniformly sampled set of 10000 p-values.
#   Estimating pi_0.
# Minimal pi_zero = 0.958
#   Estimated pi_0=0.974253
Using motif +PTBP1_1000 of width 6.
Using motif -PTBP1_1000 of width 6.
Finding best site passing the output threshold in each of the 824 sequences.
Found a best site in 0 sequences.
Computing q-values.
Using motif +ZFP36_109 of width 9.
Using motif -ZFP36_109 of width 9.
Finding best site passing the output threshold in each of the 824 sequences.
Found a best site in 89 sequences.
Computing q-values.
# Computing q-values.
#   Estimating pi_0 from a uniformly sampled set of 10000 p-values.
#   Estimating pi_0.
# Minimal pi_zero = 0.978854
#   Estimated pi_0=0.982366
Using motif +QKI_M046_0.6 of width 7.
Using motif -QKI_M046_0.6 of width 7.
Finding best site passing the output threshold in each of the 824 sequences.
Found a best site in 84 sequences.
Computing q-values.
# Computing q-values.
#   Estimating pi_0 from a uniformly sampled set of 10000 p-values.
#   Estimating pi_0.
# Minimal pi_zero = 0.998507
#   Estimated pi_0=1
Using motif +NOVA1_1128 of width 7.
Using motif -NOVA1_1128 of width 7.
Finding best site passing the output threshold in each of the 824 sequences.
Found a best site in 93 sequences.
Computing q-values.
# Computing q-values.
#   Estimating pi_0 from a uniformly sampled set of 10000 p-values.
#   Estimating pi_0.
# Minimal pi_zero = 0.987937
#   Estimated pi_0=0.994949
Using motif +HNRNPA1_M022_0.6 of width 7.
Using motif -HNRNPA1_M022_0.6 of width 7.
Finding best site passing the output threshold in each of the 824 sequences.
Found a best site in 91 sequences.
Computing q-values.
# Computing q-values.
#   Estimating pi_0 from a uniformly sampled set of 10000 p-values.
#   Estimating pi_0.
# Minimal pi_zero = 1.00063
#   Estimated pi_0=1
Using motif +HNRNPA2B1_709 of width 6.
Using motif -HNRNPA2B1_709 of width 6.
Finding best site passing the output threshold in each of the 824 sequences.
Found a best site in 0 sequences.
Computing q-values.
Using motif +SRSF1_1235 of width 7.
Using motif -SRSF1_1235 of width 7.
Finding best site passing the output threshold in each of the 824 sequences.
Found a best site in 169 sequences.
Computing q-values.
# Computing q-values.
#   Estimating pi_0 from a uniformly sampled set of 10000 p-values.
#   Estimating pi_0.
# Minimal pi_zero = 0.988256
#   Estimated pi_0=0.995838
Using motif +TARDBP_1283 of width 12.
Using motif -TARDBP_1283 of width 12.
Finding best site passing the output threshold in each of the 824 sequences.
Found a best site in 273 sequences.
Computing q-values.
# Computing q-values.
#   Estimating pi_0 from a uniformly sampled set of 10000 p-values.
#   Estimating pi_0.
# Minimal pi_zero = 0.969512
#   Estimated pi_0=0.974866
Using motif +SRSF1_M154_0.6 of width 7.
Using motif -SRSF1_M154_0.6 of width 7.
Finding best site passing the output threshold in each of the 824 sequences.
Found a best site in 268 sequences.
Computing q-values.
# Computing q-values.
#   Estimating pi_0 from a uniformly sampled set of 10000 p-values.
#   Estimating pi_0.
# Minimal pi_zero = 0.967006
#   Estimated pi_0=0.969836
Using motif +HNRNPA1_682 of width 6.
Using motif -HNRNPA1_682 of width 6.
Finding best site passing the output threshold in each of the 824 sequences.
Found a best site in 0 sequences.
Computing q-values.
Using motif +PTBP1_1024 of width 9.
Using motif -PTBP1_1024 of width 9.
Finding best site passing the output threshold in each of the 824 sequences.
Found a best site in 231 sequences.
Computing q-values.
# Computing q-values.
#   Estimating pi_0 from a uniformly sampled set of 10000 p-values.
#   Estimating pi_0.
# Minimal pi_zero = 0.976606
#   Estimated pi_0=0.979048
Using motif +HNRNPA1_693 of width 10.
Using motif -HNRNPA1_693 of width 10.
Finding best site passing the output threshold in each of the 824 sequences.
Found a best site in 202 sequences.
Computing q-values.
# Computing q-values.
#   Estimating pi_0 from a uniformly sampled set of 10000 p-values.
#   Estimating pi_0.
# Minimal pi_zero = 0.979459
#   Estimated pi_0=0.987692
Using motif +SRSF1_40 of width 6.
Using motif -SRSF1_40 of width 6.
Finding best site passing the output threshold in each of the 824 sequences.
Found a best site in 0 sequences.
Computing q-values.
Using motif +QKI_83 of width 12.
Using motif -QKI_83 of width 12.
Finding best site passing the output threshold in each of the 824 sequences.
Found a best site in 75 sequences.
Computing q-values.
# Computing q-values.
#   Estimating pi_0 from a uniformly sampled set of 10000 p-values.
#   Estimating pi_0.
# Minimal pi_zero = 0.958812
#   Estimated pi_0=0.962807
Using motif +HNRNPA1_677 of width 6.
Using motif -HNRNPA1_677 of width 6.
Finding best site passing the output threshold in each of the 824 sequences.
Found a best site in 0 sequences.
Computing q-values.
Using motif +SRSF1_17 of width 7.
Using motif -SRSF1_17 of width 7.
Finding best site passing the output threshold in each of the 824 sequences.
Found a best site in 21 sequences.
Computing q-values.
# Computing q-values.
#   Estimating pi_0 from a uniformly sampled set of 10000 p-values.
#   Estimating pi_0.
# Minimal pi_zero = 1.00091
#   Estimated pi_0=1
Using motif +HNRNPA1_s32 of width 6.
Using motif -HNRNPA1_s32 of width 6.
Finding best site passing the output threshold in each of the 824 sequences.
Found a best site in 0 sequences.
Computing q-values.
Using motif +SRSF1_1237 of width 7.
Using motif -SRSF1_1237 of width 7.
Finding best site passing the output threshold in each of the 824 sequences.
Found a best site in 21 sequences.
Computing q-values.
# Computing q-values.
#   Estimating pi_0 from a uniformly sampled set of 10000 p-values.
#   Estimating pi_0.
# Minimal pi_zero = 1.0005
#   Estimated pi_0=1
Using motif +PTBP1_59 of width 5.
Using motif -PTBP1_59 of width 5.
Finding best site passing the output threshold in each of the 824 sequences.
Found a best site in 0 sequences.
Computing q-values.
Using motif +QKI_3 of width 6.
Using motif -QKI_3 of width 6.
Finding best site passing the output threshold in each of the 824 sequences.
Found a best site in 0 sequences.
Computing q-values.
Using motif +PTBP1_25 of width 9.
Using motif -PTBP1_25 of width 9.
Finding best site passing the output threshold in each of the 824 sequences.
Found a best site in 231 sequences.
Computing q-values.
# Computing q-values.
#   Estimating pi_0 from a uniformly sampled set of 10000 p-values.
#   Estimating pi_0.
# Minimal pi_zero = 0.973924
#   Estimated pi_0=0.981989
Using motif +HNRNPA1_72 of width 6.
Using motif -HNRNPA1_72 of width 6.
Finding best site passing the output threshold in each of the 824 sequences.
Found a best site in 0 sequences.
Computing q-values.
Using motif +SRSF1_1212 of width 8.
Using motif -SRSF1_1212 of width 8.
Finding best site passing the output threshold in each of the 824 sequences.
Found a best site in 185 sequences.
Computing q-values.
# Computing q-values.
#   Estimating pi_0 from a uniformly sampled set of 10000 p-values.
#   Estimating pi_0.
# Minimal pi_zero = 0.987068
#   Estimated pi_0=0.992103
Using motif +PTBP1_1003 of width 7.
Using motif -PTBP1_1003 of width 7.
Finding best site passing the output threshold in each of the 824 sequences.
Found a best site in 149 sequences.
Computing q-values.
# Computing q-values.
#   Estimating pi_0 from a uniformly sampled set of 10000 p-values.
#   Estimating pi_0.
# Minimal pi_zero = 0.97669
#   Estimated pi_0=0.981946
Using motif +HNRNPA1_52 of width 11.
Using motif -HNRNPA1_52 of width 11.
Finding best site passing the output threshold in each of the 824 sequences.
Found a best site in 193 sequences.
Computing q-values.
# Computing q-values.
#   Estimating pi_0 from a uniformly sampled set of 10000 p-values.
#   Estimating pi_0.
# Minimal pi_zero = 0.994105
#   Estimated pi_0=0.994796
Using motif +ELAVL1_164 of width 12.
Using motif -ELAVL1_164 of width 12.
Finding best site passing the output threshold in each of the 824 sequences.
Found a best site in 333 sequences.
Computing q-values.
# Computing q-values.
#   Estimating pi_0 from a uniformly sampled set of 10000 p-values.
#   Estimating pi_0.
# Minimal pi_zero = 0.9624
#   Estimated pi_0=0.97044
Using motif +PTBP1_136 of width 5.
Using motif -PTBP1_136 of width 5.
Finding best site passing the output threshold in each of the 824 sequences.
Found a best site in 0 sequences.
Computing q-values.
Using motif +SRSF1_1239 of width 9.
Using motif -SRSF1_1239 of width 9.
Finding best site passing the output threshold in each of the 824 sequences.
Found a best site in 215 sequences.
Computing q-values.
# Computing q-values.
#   Estimating pi_0 from a uniformly sampled set of 10000 p-values.
#   Estimating pi_0.
# Minimal pi_zero = 0.962065
#   Estimated pi_0=0.968791
Using motif +MBNL1_1126 of width 10.
Using motif -MBNL1_1126 of width 10.
Finding best site passing the output threshold in each of the 824 sequences.
Found a best site in 69 sequences.
Computing q-values.
# Computing q-values.
#   Estimating pi_0 from a uniformly sampled set of 10000 p-values.
#   Estimating pi_0.
# Minimal pi_zero = 0.998182
#   Estimated pi_0=1
Using motif +ELAVL1_1107 of width 7.
Using motif -ELAVL1_1107 of width 7.
Finding best site passing the output threshold in each of the 824 sequences.
Found a best site in 93 sequences.
Computing q-values.
# Computing q-values.
#   Estimating pi_0 from a uniformly sampled set of 10000 p-values.
#   Estimating pi_0.
# Minimal pi_zero = 0.988042
#   Estimated pi_0=0.993939
Using motif +PTBP1_s80 of width 7.
Using motif -PTBP1_s80 of width 7.
Finding best site passing the output threshold in each of the 824 sequences.
Found a best site in 165 sequences.
Computing q-values.
# Computing q-values.
#   Estimating pi_0 from a uniformly sampled set of 10000 p-values.
#   Estimating pi_0.
# Minimal pi_zero = 0.965205
#   Estimated pi_0=0.970349
Using motif +KHDRBS1_1159 of width 7.
Using motif -KHDRBS1_1159 of width 7.
Finding best site passing the output threshold in each of the 824 sequences.
Found a best site in 0 sequences.
Computing q-values.
Using motif +HNRNPA1_650 of width 5.
Using motif -HNRNPA1_650 of width 5.
Finding best site passing the output threshold in each of the 824 sequences.
Found a best site in 0 sequences.
Computing q-values.
Using motif +HNRNPA1_649 of width 10.
Using motif -HNRNPA1_649 of width 10.
Finding best site passing the output threshold in each of the 824 sequences.
Found a best site in 98 sequences.
Computing q-values.
# Computing q-values.
#   Estimating pi_0 from a uniformly sampled set of 10000 p-values.
#   Estimating pi_0.
# Minimal pi_zero = 0.975644
#   Estimated pi_0=0.998995
Using motif +PTBP1_1020 of width 5.
Using motif -PTBP1_1020 of width 5.
Finding best site passing the output threshold in each of the 824 sequences.
Found a best site in 0 sequences.
Computing q-values.
Using motif +PTBP1_489 of width 4.
Using motif -PTBP1_489 of width 4.
Finding best site passing the output threshold in each of the 824 sequences.
Found a best site in 0 sequences.
Computing q-values.
Using motif +HNRNPA1_694 of width 6.
Using motif -HNRNPA1_694 of width 6.
Finding best site passing the output threshold in each of the 824 sequences.
Found a best site in 0 sequences.
Computing q-values.
Using motif +HNRNPA1_661 of width 5.
Using motif -HNRNPA1_661 of width 5.
Finding best site passing the output threshold in each of the 824 sequences.
Found a best site in 0 sequences.
Computing q-values.
Using motif +TARDBP_1278 of width 7.
Using motif -TARDBP_1278 of width 7.
Finding best site passing the output threshold in each of the 824 sequences.
Found a best site in 70 sequences.
Computing q-values.
# Computing q-values.
#   Estimating pi_0 from a uniformly sampled set of 10000 p-values.
#   Estimating pi_0.
# Minimal pi_zero = 0.994302
#   Estimated pi_0=0.999289
Using motif +HNRNPA1_673 of width 7.
Using motif -HNRNPA1_673 of width 7.
Finding best site passing the output threshold in each of the 824 sequences.
Found a best site in 78 sequences.
Computing q-values.
# Computing q-values.
#   Estimating pi_0 from a uniformly sampled set of 10000 p-values.
#   Estimating pi_0.
# Minimal pi_zero = 0.98589
#   Estimated pi_0=0.991694
Using motif +HNRNPA2B1_701 of width 6.
Using motif -HNRNPA2B1_701 of width 6.
Finding best site passing the output threshold in each of the 824 sequences.
Found a best site in 0 sequences.
Computing q-values.
Using motif +NOVA1_1129 of width 7.
Using motif -NOVA1_1129 of width 7.
Finding best site passing the output threshold in each of the 824 sequences.
Found a best site in 0 sequences.
Computing q-values.
Using motif +QKI_70 of width 12.
Using motif -QKI_70 of width 12.
Finding best site passing the output threshold in each of the 824 sequences.
Found a best site in 109 sequences.
Computing q-values.
# Computing q-values.
#   Estimating pi_0 from a uniformly sampled set of 10000 p-values.
#   Estimating pi_0.
# Minimal pi_zero = 0.96843
#   Estimated pi_0=0.973875
Using motif +ELAVL1_M127_0.6 of width 7.
Using motif -ELAVL1_M127_0.6 of width 7.
Finding best site passing the output threshold in each of the 824 sequences.
Found a best site in 207 sequences.
Computing q-values.
# Computing q-values.
#   Estimating pi_0 from a uniformly sampled set of 10000 p-values.
#   Estimating pi_0.
# Minimal pi_zero = 0.975918
#   Estimated pi_0=0.981538
Using motif +PTBP1_s100 of width 7.
Using motif -PTBP1_s100 of width 7.
Finding best site passing the output threshold in each of the 824 sequences.
Found a best site in 315 sequences.
Computing q-values.
# Computing q-values.
#   Estimating pi_0 from a uniformly sampled set of 10000 p-values.
#   Estimating pi_0.
# Minimal pi_zero = 0.958554
#   Estimated pi_0=0.963556
Using motif +SRSF1_1222 of width 6.
Using motif -SRSF1_1222 of width 6.
Finding best site passing the output threshold in each of the 824 sequences.
Found a best site in 0 sequences.
Computing q-values.
Using motif +SRSF1_1214 of width 10.
Using motif -SRSF1_1214 of width 10.
Finding best site passing the output threshold in each of the 824 sequences.
Found a best site in 235 sequences.
Computing q-values.
# Computing q-values.
#   Estimating pi_0 from a uniformly sampled set of 10000 p-values.
#   Estimating pi_0.
# Minimal pi_zero = 0.982685
#   Estimated pi_0=0.988776
Using motif +SRSF1_1223 of width 7.
Using motif -SRSF1_1223 of width 7.
Finding best site passing the output threshold in each of the 824 sequences.
Found a best site in 34 sequences.
Computing q-values.
# Computing q-values.
#   Estimating pi_0 from a uniformly sampled set of 10000 p-values.
#   Estimating pi_0.
# Minimal pi_zero = 1.00132
#   Estimated pi_0=1
Using motif +PTBP1_100 of width 10.
Using motif -PTBP1_100 of width 10.
Finding best site passing the output threshold in each of the 824 sequences.
Found a best site in 222 sequences.
Computing q-values.
# Computing q-values.
#   Estimating pi_0 from a uniformly sampled set of 10000 p-values.
#   Estimating pi_0.
# Minimal pi_zero = 0.97774
#   Estimated pi_0=0.979667
Using motif +NOVA1_99 of width 4.
Using motif -NOVA1_99 of width 4.
Finding best site passing the output threshold in each of the 824 sequences.
Found a best site in 0 sequences.
Computing q-values.
Using motif +ZFP36_38 of width 5.
Using motif -ZFP36_38 of width 5.
Finding best site passing the output threshold in each of the 824 sequences.
Found a best site in 0 sequences.
Computing q-values.
Using motif +PTBP1_380 of width 6.
Using motif -PTBP1_380 of width 6.
Finding best site passing the output threshold in each of the 824 sequences.
Found a best site in 0 sequences.
Computing q-values.
Using motif +SRSF1_1226 of width 12.
Using motif -SRSF1_1226 of width 12.
Finding best site passing the output threshold in each of the 824 sequences.
Found a best site in 208 sequences.
Computing q-values.
# Computing q-values.
#   Estimating pi_0 from a uniformly sampled set of 10000 p-values.
#   Estimating pi_0.
# Minimal pi_zero = 0.992242
#   Estimated pi_0=0.997868
Using motif +SRSF1_1224 of width 7.
Using motif -SRSF1_1224 of width 7.
Finding best site passing the output threshold in each of the 824 sequences.
Found a best site in 176 sequences.
Computing q-values.
# Computing q-values.
#   Estimating pi_0 from a uniformly sampled set of 10000 p-values.
#   Estimating pi_0.
# Minimal pi_zero = 0.989419
#   Estimated pi_0=0.995127
Using motif +SRSF1_s60 of width 8.
Using motif -SRSF1_s60 of width 8.
Finding best site passing the output threshold in each of the 824 sequences.
Found a best site in 179 sequences.
Computing q-values.
# Computing q-values.
#   Estimating pi_0 from a uniformly sampled set of 10000 p-values.
#   Estimating pi_0.
# Minimal pi_zero = 0.994609
#   Estimated pi_0=0.999899
Using motif +QKI_1140 of width 5.
Using motif -QKI_1140 of width 5.
Finding best site passing the output threshold in each of the 824 sequences.
Found a best site in 0 sequences.
Computing q-values.
Using motif +HNRNPA1_1342 of width 5.
Using motif -HNRNPA1_1342 of width 5.
Finding best site passing the output threshold in each of the 824 sequences.
Found a best site in 0 sequences.
Computing q-values.
Using motif +SRSF1_325 of width 7.
Using motif -SRSF1_325 of width 7.
Finding best site passing the output threshold in each of the 824 sequences.
Found a best site in 0 sequences.
Computing q-values.
Using motif +SRSF1_1362 of width 9.
Using motif -SRSF1_1362 of width 9.
Finding best site passing the output threshold in each of the 824 sequences.
Found a best site in 225 sequences.
Computing q-values.
# Computing q-values.
#   Estimating pi_0 from a uniformly sampled set of 10000 p-values.
#   Estimating pi_0.
# Minimal pi_zero = 0.978424
#   Estimated pi_0=0.986243
Using motif +PTBP1_1379 of width 10.
Using motif -PTBP1_1379 of width 10.
Finding best site passing the output threshold in each of the 824 sequences.
Found a best site in 160 sequences.
Computing q-values.
# Computing q-values.
#   Estimating pi_0 from a uniformly sampled set of 10000 p-values.
#   Estimating pi_0.
# Minimal pi_zero = 0.992483
#   Estimated pi_0=0.999698
Using motif +HNRNPA1_1305 of width 6.
Using motif -HNRNPA1_1305 of width 6.
Finding best site passing the output threshold in each of the 824 sequences.
Found a best site in 0 sequences.
Computing q-values.
Using motif +SRSF1_1351 of width 9.
Using motif -SRSF1_1351 of width 9.
Finding best site passing the output threshold in each of the 824 sequences.
Found a best site in 209 sequences.
Computing q-values.
# Computing q-values.
#   Estimating pi_0 from a uniformly sampled set of 10000 p-values.
#   Estimating pi_0.
# Minimal pi_zero = 0.971163
#   Estimated pi_0=0.973563
Using motif +HNRNPA1_1358 of width 6.
Using motif -HNRNPA1_1358 of width 6.
Finding best site passing the output threshold in each of the 824 sequences.
Found a best site in 0 sequences.
Computing q-values.
Using motif +PTBP1_1314 of width 9.
Using motif -PTBP1_1314 of width 9.
Finding best site passing the output threshold in each of the 824 sequences.
Found a best site in 181 sequences.
Computing q-values.
# Computing q-values.
#   Estimating pi_0 from a uniformly sampled set of 10000 p-values.
#   Estimating pi_0.
# Minimal pi_zero = 0.989944
#   Estimated pi_0=0.992193
Using motif +SRSF1_1388 of width 7.
Using motif -SRSF1_1388 of width 7.
Finding best site passing the output threshold in each of the 824 sequences.
Found a best site in 176 sequences.
Computing q-values.
# Computing q-values.
#   Estimating pi_0 from a uniformly sampled set of 10000 p-values.
#   Estimating pi_0.
# Minimal pi_zero = 0.992275
#   Estimated pi_0=0.996751
Using motif +SRSF1_1367 of width 7.
Using motif -SRSF1_1367 of width 7.
Finding best site passing the output threshold in each of the 824 sequences.
Found a best site in 153 sequences.
Computing q-values.
# Computing q-values.
#   Estimating pi_0 from a uniformly sampled set of 10000 p-values.
#   Estimating pi_0.
# Minimal pi_zero = 0.991111
#   Estimated pi_0=0.994416
Using motif +SRSF1_1385 of width 7.
Using motif -SRSF1_1385 of width 7.
Finding best site passing the output threshold in each of the 824 sequences.
Found a best site in 157 sequences.
Computing q-values.
# Computing q-values.
#   Estimating pi_0 from a uniformly sampled set of 10000 p-values.
#   Estimating pi_0.
# Minimal pi_zero = 0.985541
#   Estimated pi_0=0.996548
Using motif +SRSF1_1336 of width 10.
Using motif -SRSF1_1336 of width 10.
Finding best site passing the output threshold in each of the 824 sequences.
Found a best site in 269 sequences.
Computing q-values.
# Computing q-values.
#   Estimating pi_0 from a uniformly sampled set of 10000 p-values.
#   Estimating pi_0.
# Minimal pi_zero = 0.984181
#   Estimated pi_0=0.991224
Using motif +PTBP1_1381 of width 10.
Using motif -PTBP1_1381 of width 10.
Finding best site passing the output threshold in each of the 824 sequences.
Found a best site in 256 sequences.
Computing q-values.
# Computing q-values.
#   Estimating pi_0 from a uniformly sampled set of 10000 p-values.
#   Estimating pi_0.
# Minimal pi_zero = 0.982826
#   Estimated pi_0=0.982826
Using motif +SRSF1_1345 of width 7.
Using motif -SRSF1_1345 of width 7.
Finding best site passing the output threshold in each of the 824 sequences.
Found a best site in 95 sequences.
Computing q-values.
# Computing q-values.
#   Estimating pi_0 from a uniformly sampled set of 10000 p-values.
#   Estimating pi_0.
# Minimal pi_zero = 0.993488
#   Estimated pi_0=0.998782
Using motif +HNRNPA1_1304 of width 5.
Using motif -HNRNPA1_1304 of width 5.
Finding best site passing the output threshold in each of the 824 sequences.
Found a best site in 0 sequences.
Computing q-values.
Using motif +SRSF1_1324 of width 7.
Using motif -SRSF1_1324 of width 7.
Finding best site passing the output threshold in each of the 824 sequences.
Found a best site in 139 sequences.
Computing q-values.
# Computing q-values.
#   Estimating pi_0 from a uniformly sampled set of 10000 p-values.
#   Estimating pi_0.
# Minimal pi_zero = 0.984783
#   Estimated pi_0=0.990984
Using motif +SRSF1_1327 of width 9.
Using motif -SRSF1_1327 of width 9.
Finding best site passing the output threshold in each of the 824 sequences.
Found a best site in 153 sequences.
Computing q-values.
# Computing q-values.
#   Estimating pi_0 from a uniformly sampled set of 10000 p-values.
#   Estimating pi_0.
# Minimal pi_zero = 0.996727
#   Estimated pi_0=0.999698
Using motif +SRSF1_1335 of width 7.
Using motif -SRSF1_1335 of width 7.
Finding best site passing the output threshold in each of the 824 sequences.
Found a best site in 49 sequences.
Computing q-values.
# Computing q-values.
#   Estimating pi_0 from a uniformly sampled set of 10000 p-values.
#   Estimating pi_0.
# Minimal pi_zero = 0.996021
#   Estimated pi_0=0.999091
Using motif +HNRNPA1_1306 of width 10.
Using motif -HNRNPA1_1306 of width 10.
Finding best site passing the output threshold in each of the 824 sequences.
Found a best site in 269 sequences.
Computing q-values.
# Computing q-values.
#   Estimating pi_0 from a uniformly sampled set of 10000 p-values.
#   Estimating pi_0.
# Minimal pi_zero = 0.986923
#   Estimated pi_0=0.992371
Using motif +PTBP1_1341 of width 7.
Using motif -PTBP1_1341 of width 7.
Finding best site passing the output threshold in each of the 824 sequences.
Found a best site in 165 sequences.
Computing q-values.
# Computing q-values.
#   Estimating pi_0 from a uniformly sampled set of 10000 p-values.
#   Estimating pi_0.
# Minimal pi_zero = 0.974795
#   Estimated pi_0=0.980984
Using motif +SRSF1_1349 of width 6.
Using motif -SRSF1_1349 of width 6.
Finding best site passing the output threshold in each of the 824 sequences.
Found a best site in 0 sequences.
Computing q-values.
Using motif +NOVA1_1378 of width 8.
Using motif -NOVA1_1378 of width 8.
Finding best site passing the output threshold in each of the 824 sequences.
Found a best site in 45 sequences.
Computing q-values.
# Computing q-values.
#   Estimating pi_0 from a uniformly sampled set of 10000 p-values.
#   Estimating pi_0.
# Minimal pi_zero = 0.993929
#   Estimated pi_0=1
Using motif +HNRNPA1_1346 of width 10.
Using motif -HNRNPA1_1346 of width 10.
Finding best site passing the output threshold in each of the 824 sequences.
Found a best site in 98 sequences.
Computing q-values.
# Computing q-values.
#   Estimating pi_0 from a uniformly sampled set of 10000 p-values.
#   Estimating pi_0.
# Minimal pi_zero = 0.98
#   Estimated pi_0=0.999899
Using motif +SRSF1_1376 of width 12.
Using motif -SRSF1_1376 of width 12.
Finding best site passing the output threshold in each of the 824 sequences.
Found a best site in 130 sequences.
Computing q-values.
# Computing q-values.
#   Estimating pi_0 from a uniformly sampled set of 10000 p-values.
#   Estimating pi_0.
# Minimal pi_zero = 0.987304
#   Estimated pi_0=0.996837
Using motif +PTBP1_1398 of width 6.
Using motif -PTBP1_1398 of width 6.
Finding best site passing the output threshold in each of the 824 sequences.
Found a best site in 0 sequences.
Computing q-values.
Using motif +SRSF1_1390 of width 9.
Using motif -SRSF1_1390 of width 9.
Finding best site passing the output threshold in each of the 824 sequences.
Found a best site in 213 sequences.
Computing q-values.
# Computing q-values.
#   Estimating pi_0 from a uniformly sampled set of 10000 p-values.
#   Estimating pi_0.
# Minimal pi_zero = 0.975696
#   Estimated pi_0=0.986349
Using motif +SRSF1_1312 of width 8.
Using motif -SRSF1_1312 of width 8.
Finding best site passing the output threshold in each of the 824 sequences.
Found a best site in 50 sequences.
Computing q-values.
# Computing q-values.
#   Estimating pi_0 from a uniformly sampled set of 10000 p-values.
#   Estimating pi_0.
# Minimal pi_zero = 0.990357
#   Estimated pi_0=0.997576
Using motif +SRSF1_1319 of width 9.
Using motif -SRSF1_1319 of width 9.
Finding best site passing the output threshold in each of the 824 sequences.
Found a best site in 229 sequences.
Computing q-values.
# Computing q-values.
#   Estimating pi_0 from a uniformly sampled set of 10000 p-values.
#   Estimating pi_0.
# Minimal pi_zero = 0.989206
#   Estimated pi_0=0.992626
Using motif +SRSF1_1393 of width 7.
Using motif -SRSF1_1393 of width 7.
Finding best site passing the output threshold in each of the 824 sequences.
Found a best site in 0 sequences.
Computing q-values.
Using motif +SRSF1_1364 of width 7.
Using motif -SRSF1_1364 of width 7.
Finding best site passing the output threshold in each of the 824 sequences.
Found a best site in 182 sequences.
Computing q-values.
# Computing q-values.
#   Estimating pi_0 from a uniformly sampled set of 10000 p-values.
#   Estimating pi_0.
# Minimal pi_zero = 0.99773
#   Estimated pi_0=1
Using motif +PTBP1_1368 of width 8.
Using motif -PTBP1_1368 of width 8.
Finding best site passing the output threshold in each of the 824 sequences.
Found a best site in 68 sequences.
Computing q-values.
# Computing q-values.
#   Estimating pi_0 from a uniformly sampled set of 10000 p-values.
#   Estimating pi_0.
# Minimal pi_zero = 0.972348
#   Estimated pi_0=0.978286
Using motif +PTBP2_1317 of width 5.
Using motif -PTBP2_1317 of width 5.
Finding best site passing the output threshold in each of the 824 sequences.
Found a best site in 0 sequences.
Computing q-values.
Using motif +SRSF1_1353 of width 9.
Using motif -SRSF1_1353 of width 9.
Finding best site passing the output threshold in each of the 824 sequences.
Found a best site in 186 sequences.
Computing q-values.
# Computing q-values.
#   Estimating pi_0 from a uniformly sampled set of 10000 p-values.
#   Estimating pi_0.
# Minimal pi_zero = 0.974303
#   Estimated pi_0=0.98
Using motif +SRSF1_1310 of width 7.
Using motif -SRSF1_1310 of width 7.
Finding best site passing the output threshold in each of the 824 sequences.
Found a best site in 139 sequences.
Computing q-values.
# Computing q-values.
#   Estimating pi_0 from a uniformly sampled set of 10000 p-values.
#   Estimating pi_0.
# Minimal pi_zero = 0.983152
#   Estimated pi_0=0.983676
Using motif +PTBP2_1370 of width 6.
Using motif -PTBP2_1370 of width 6.
Finding best site passing the output threshold in each of the 824 sequences.
Found a best site in 0 sequences.
Computing q-values.
Using motif +PTBP1_1372 of width 5.
Using motif -PTBP1_1372 of width 5.
Finding best site passing the output threshold in each of the 824 sequences.
Found a best site in 0 sequences.
Computing q-values.
Using motif +SRSF1_1326 of width 6.
Using motif -SRSF1_1326 of width 6.
Finding best site passing the output threshold in each of the 824 sequences.
Found a best site in 0 sequences.
Computing q-values.
Using motif +SRSF1_1383 of width 8.
Using motif -SRSF1_1383 of width 8.
Finding best site passing the output threshold in each of the 824 sequences.
Found a best site in 76 sequences.
Computing q-values.
# Computing q-values.
#   Estimating pi_0 from a uniformly sampled set of 10000 p-values.
#   Estimating pi_0.
# Minimal pi_zero = 0.987232
#   Estimated pi_0=0.989741
Using motif +SRSF1_1389 of width 9.
Using motif -SRSF1_1389 of width 9.
Finding best site passing the output threshold in each of the 824 sequences.
Found a best site in 203 sequences.
Computing q-values.
# Computing q-values.
#   Estimating pi_0 from a uniformly sampled set of 10000 p-values.
#   Estimating pi_0.
# Minimal pi_zero = 0.974969
#   Estimated pi_0=0.977634
Using motif +HNRNPA1_1397 of width 4.
Using motif -HNRNPA1_1397 of width 4.
Finding best site passing the output threshold in each of the 824 sequences.
Found a best site in 0 sequences.
Computing q-values.
Using motif +PTBP1_1359 of width 6.
Using motif -PTBP1_1359 of width 6.
Finding best site passing the output threshold in each of the 824 sequences.
Found a best site in 0 sequences.
Computing q-values.
Using motif +PTBP1_1382 of width 7.
Using motif -PTBP1_1382 of width 7.
Finding best site passing the output threshold in each of the 824 sequences.
Found a best site in 263 sequences.
Computing q-values.
# Computing q-values.
#   Estimating pi_0 from a uniformly sampled set of 10000 p-values.
#   Estimating pi_0.
# Minimal pi_zero = 0.968082
#   Estimated pi_0=0.970383
Using motif +PTBP1_1340 of width 7.
Using motif -PTBP1_1340 of width 7.
Finding best site passing the output threshold in each of the 824 sequences.
Found a best site in 289 sequences.
Computing q-values.
# Computing q-values.
#   Estimating pi_0 from a uniformly sampled set of 10000 p-values.
#   Estimating pi_0.
# Minimal pi_zero = 0.960578
#   Estimated pi_0=0.964222
Using motif +SRSF1_1373 of width 8.
Using motif -SRSF1_1373 of width 8.
Finding best site passing the output threshold in each of the 824 sequences.
Found a best site in 185 sequences.
Computing q-values.
# Computing q-values.
#   Estimating pi_0 from a uniformly sampled set of 10000 p-values.
#   Estimating pi_0.
# Minimal pi_zero = 0.990674
#   Estimated pi_0=0.992513
Using motif +SRSF1_1338 of width 12.
Using motif -SRSF1_1338 of width 12.
Finding best site passing the output threshold in each of the 824 sequences.
Found a best site in 292 sequences.
Computing q-values.
# Computing q-values.
#   Estimating pi_0 from a uniformly sampled set of 10000 p-values.
#   Estimating pi_0.
# Minimal pi_zero = 0.982619
#   Estimated pi_0=0.989388
Using motif +HNRNPA1_1366 of width 4.
Using motif -HNRNPA1_1366 of width 4.
Finding best site passing the output threshold in each of the 824 sequences.
Found a best site in 0 sequences.
Computing q-values.
