[Thu Sep 17 19:30:46 2026] Start Analysis ...
All samples Joint Processing chr1 ...
[Thu Sep 17 19:30:46 2026] Loading[49652326 52273421 39837975 39038280 38560545 40906253]
#assigned events:
366
366
366
366
366
366
365
365
/mnt/d/stroke_apa_data/dapars2_chr2
[49652326 52273421 39837975 39038280 38560545 40906253]
#assigned events:
501
501
501
501
501
501
501
500
/mnt/d/stroke_apa_data/dapars2_chr3
[49652326 52273421 39837975 39038280 38560545 40906253]
#assigned events:
302
302
302
302
302
301
301
301
/mnt/d/stroke_apa_data/dapars2_chr4
[49652326 52273421 39837975 39038280 38560545 40906253]
#assigned events:
337
337
337
337
337
337
337
337
/mnt/d/stroke_apa_data/dapars2_chr5
[49652326 52273421 39837975 39038280 38560545 40906253]
#assigned events:
394
394
394
394
394
394
393
393
/mnt/d/stroke_apa_data/dapars2_chr6
[49652326 52273421 39837975 39038280 38560545 40906253]
#assigned events:
333
333
333
333
333
332
332
332
/mnt/d/stroke_apa_data/dapars2_chr7
[49652326 52273421 39837975 39038280 38560545 40906253]
#assigned events:
572
571
571
571
571
571
571
571
/mnt/d/stroke_apa_data/dapars2_chr8
[49652326 52273421 39837975 39038280 38560545 40906253]
#assigned events:
290
290
290
290
290
290
289
289
/mnt/d/stroke_apa_data/dapars2_chr9
[49652326 52273421 39837975 39038280 38560545 40906253]
#assigned events:
361
361
361
361
361
360
360
360
home/taylor/stroke_APA_work/bedgraph/sham1.bedgraph
/home/taylor/stroke_APA_work/bedgraph/day1_rep2.bedgraph
/home/taylor/stroke_APA_work/bedgraph/sham2.bedgraph
/home/taylor/stroke_APA_work/bedgraph/day1_rep1.bedgraph
[Thu Sep 17 20:27:07 2026] Loading Coverage Finished ...
[Thu Sep 17 20:45:57 2026] Start Analysis ...
All samples Joint Processing chr5 ...
[Thu Sep 17 20:45:57 2026] Loading Coverage ...
/home/taylor/stroke_APA_work/bedgraph/sham1.bedgraph
/home/taylor/stroke_APA_work/bedgraph/day1_rep2.bedgraph
/home/taylor/stroke_APA_work/bedgraph/sham2.bedgraph
/home/taylor/stroke_APA_work/bedgraph/day1_rep1.bedgraph
[Thu Sep 17 20:46:05 2026] Loading Coverage Finished ...
[Thu Sep 17 20:58:22 2026] Start Analysis ...
All samples Joint Processing chr6 ...
[Thu Sep 17 20:58:22 2026] Loading Coverage ...
/home/taylor/stroke_APA_work/bedgraph/sham1.bedgraph
/home/taylor/stroke_APA_work/bedgraph/day1_rep2.bedgraph
/home/taylor/stroke_APA_work/bedgraph/sham2.bedgraph
/home/taylor/stroke_APA_work/bedgraph/day1_rep1.bedgraph
[Thu Sep 17 20:58:31 2026] Loading Coverage Finished ...
[Thu Sep 17 21:59:42 2026] Start Analysis ...
All samples Joint Processing chr7 ...
[Thu Sep 17 21:59:42 2026] Loading Coverage ...
/home/taylor/stroke_APA_work/bedgraph/sham1.bedgraph
/home/taylor/stroke_APA_work/bedgraph/day1_rep2.bedgraph
/home/taylor/stroke_APA_work/bedgraph/sham2.bedgraph
/home/taylor/stroke_APA_work/bedgraph/day1_rep1.bedgraph
[Thu Sep 17 21:59:51 2026] Loading Coverage Finished ...
[Thu Sep 17 22:03:07 2026] Start Analysis ...
All samples Joint Processing chr8 ...
[Thu Sep 17 22:03:07 2026] Loading Coverage ...
/home/taylor/stroke_APA_work/bedgraph/sham1.bedgraph
/home/taylor/stroke_APA_work/bedgraph/day1_rep2.bedgraph
/home/taylor/stroke_APA_work/bedgraph/sham2.bedgraph
/home/taylor/stroke_APA_work/bedgraph/day1_rep1.bedgraph
[Thu Sep 17 22:03:15 2026] Loading Coverage Finished ...
[Thu Sep 17 22:13:16 2026] Start Analysis ...
All samples Joint Processing chr9 ...
[Thu Sep 17 22:13:16 2026] Loading Coverage ...
/home/taylor/stroke_APA_work/bedgraph/sham1.bedgraph
/home/taylor/stroke_APA_work/bedgraph/day1_rep2.bedgraph
/home/taylor/stroke_APA_work/bedgraph/sham2.bedgraph
/home/taylor/stroke_APA_work/bedgraph/day1_rep1.bedgraph
[Thu Sep 17 22:13:25 2026] Loading Coverage Finished ...
Terminated
