[slimrun] start 2026-09-18 10:12:12
[slimrun] alignment done -> DaPars2 slim starts 2026-09-18 10:12:12
[slimrun] chromosomes with UTRs: chr1 chr10 chr11 chr12 chr13 chr14 chr15 chr16 chr17 chr18 chr19 chr2 chr3 chr4 chr5 chr6 chr7 chr8 chr9 chrX chrY 
[slimrun] chr10 exit=0 10:12:13
[slimrun] chr1 exit=0 10:12:13
[slimrun] chr12 exit=0 10:12:14
[slimrun] chr11 exit=0 10:12:14
[slimrun] chr13 exit=0 10:12:15
[slimrun] chr14 exit=0 10:12:15
[slimrun] chr15 exit=0 10:12:15
[slimrun] chr16 exit=0 10:12:15
[slimrun] chr17 exit=0 10:12:16
[slimrun] chr18 exit=0 10:12:16
[slimrun] chr19 exit=0 10:12:17
[slimrun] chr2 exit=0 10:12:17
[slimrun] chr3 exit=0 10:12:17
[slimrun] chr4 exit=0 10:12:18
[slimrun] chr5 exit=0 10:12:18
[slimrun] chr6 exit=0 10:12:18
[slimrun] chr7 exit=0 10:12:19
[slimrun] chr8 exit=0 10:12:19
[slimrun] chr9 exit=0 10:12:20
[slimrun] chrX exit=0 10:12:20
[slimrun] chrY exit=0 10:12:20
[slimrun] all chromosome jobs done 2026-09-18 10:12:20
tail: cannot open '/mnt/d/stroke_apa_data/dapars2/chunks/*/dapars2_slim4_*_3UTR_and_PDUI.txt' for reading: No such file or directory
[slimrun] merged -> /mnt/d/stroke_apa_data/dapars2/dapars2_slim4_merged_3UTR_and_PDUI.txt (0 lines)
[slimrun] END 2026-09-18 10:12:20
