[watcher] start 2026-09-17 09:22:59
[watcher] ABORT: pilot stalled 15 min — launching 8runs anyway (resume-safe) 2026-09-17 12:01:05
[watcher] pilot done or timed out -> launching 8runs 2026-09-17 12:01:05
[FILE] day3_rep1_1.fastq.gz 1.89GB in 226 chunks
  30/226 chunks, 315MB, 1.04MB/s
  60/226 chunks, 611MB, 1.24MB/s
  90/226 chunks, 844MB, 1.41MB/s
  120/226 chunks, 1131MB, 1.51MB/s
  150/226 chunks, 1322MB, 1.49MB/s
  180/226 chunks, 1624MB, 1.38MB/s
  210/226 chunks, 1844MB, 1.31MB/s
[DONE] day3_rep1_1.fastq.gz 1.89GB in 1469s
[FILE] day3_rep1_2.fastq.gz 2.08GB in 248 chunks
  30/248 chunks, 378MB, 3.25MB/s
  60/248 chunks, 603MB, 2.75MB/s
  90/248 chunks, 840MB, 2.46MB/s
  120/248 chunks, 1091MB, 2.04MB/s
  150/248 chunks, 1369MB, 1.87MB/s
  180/248 chunks, 1606MB, 1.79MB/s
  210/248 chunks, 1882MB, 1.67MB/s
  240/248 chunks, 2052MB, 1.79MB/s
[DONE] day3_rep1_2.fastq.gz 2.08GB in 1248s
[FILE] day3_rep2_1.fastq.gz 1.81GB in 216 chunks
  30/216 chunks, 337MB, 0.81MB/s
  60/216 chunks, 582MB, 0.82MB/s
  90/216 chunks, 844MB, 0.80MB/s
  120/216 chunks, 1085MB, 0.74MB/s
  150/216 chunks, 1341MB, 0.72MB/s
  180/216 chunks, 1601MB, 0.74MB/s
  210/216 chunks, 1806MB, 0.73MB/s
[DONE] day3_rep2_1.fastq.gz 1.81GB in 2538s
[FILE] day3_rep2_2.fastq.gz 2.12GB in 253 chunks
  30/253 chunks, 327MB, 1.49MB/s
  60/253 chunks, 660MB, 0.98MB/s
  90/253 chunks, 827MB, 0.90MB/s
  120/253 chunks, 1100MB, 0.78MB/s
  150/253 chunks, 1347MB, 0.77MB/s
  180/253 chunks, 1624MB, 0.81MB/s
  210/253 chunks, 2113MB, 0.74MB/s
  240/253 chunks, 2113MB, 0.74MB/s
[DONE] day3_rep2_2.fastq.gz 2.12GB in 2922s
[FILE] day7_rep1_1.fastq.gz 1.73GB in 207 chunks
[watcher] 8runs exit=1 2026-09-17 14:18:13
