[SKIP] sham1_1.fastq.gz already complete
[FILE] sham1_2.fastq.gz 2.50GB in 298 chunks
  15/298 chunks, 2441MB, 2440.59MB/s
  30/298 chunks, 2441MB, 2440.59MB/s
  45/298 chunks, 2441MB, 2440.59MB/s
  60/298 chunks, 2441MB, 2440.59MB/s
  75/298 chunks, 2441MB, 2440.59MB/s
  90/298 chunks, 2441MB, 2440.59MB/s
  105/298 chunks, 2497MB, 7.71MB/s
  120/298 chunks, 2497MB, 7.71MB/s
  135/298 chunks, 2499MB, 6.84MB/s
  150/298 chunks, 2499MB, 6.84MB/s
  165/298 chunks, 2499MB, 6.84MB/s
  180/298 chunks, 2499MB, 6.84MB/s
  195/298 chunks, 2499MB, 6.84MB/s
  210/298 chunks, 2499MB, 6.84MB/s
  225/298 chunks, 2499MB, 6.84MB/s
  240/298 chunks, 2499MB, 6.84MB/s
  255/298 chunks, 2499MB, 6.84MB/s
  270/298 chunks, 2499MB, 6.84MB/s
  285/298 chunks, 2499MB, 6.84MB/s
[DONE] sham1_2.fastq.gz 2.50GB in 369s
[FILE] sham2_1.fastq.gz 2.20GB in 263 chunks
  15/263 chunks, 262MB, 0.62MB/s
  30/263 chunks, 365MB, 0.60MB/s
  45/263 chunks, 456MB, 0.57MB/s
  60/263 chunks, 700MB, 0.60MB/s
  75/263 chunks, 741MB, 0.60MB/s
  90/263 chunks, 863MB, 0.64MB/s
  105/263 chunks, 983MB, 0.66MB/s
  120/263 chunks, 1200MB, 0.61MB/s
  135/263 chunks, 1223MB, 0.61MB/s
  150/263 chunks, 1416MB, 0.62MB/s
  165/263 chunks, 1451MB, 0.62MB/s
  180/263 chunks, 1699MB, 0.61MB/s
  195/263 chunks, 1707MB, 0.61MB/s
  210/263 chunks, 1870MB, 0.59MB/s
  225/263 chunks, 2103MB, 0.50MB/s
  240/263 chunks, 2165MB, 0.50MB/s
  255/263 chunks, 2204MB, 0.47MB/s
[DONE] sham2_1.fastq.gz 2.20GB in 4703s
[FILE] sham2_2.fastq.gz 2.60GB in 310 chunks
  15/310 chunks, 208MB, 0.42MB/s
  30/310 chunks, 321MB, 0.40MB/s
  45/310 chunks, 422MB, 0.38MB/s
  60/310 chunks, 588MB, 0.39MB/s
  75/310 chunks, 746MB, 0.35MB/s
  90/310 chunks, 804MB, 0.36MB/s
  105/310 chunks, 933MB, 0.35MB/s
  120/310 chunks, 1067MB, 0.37MB/s
[SKIP] sham1_1.fastq.gz already complete
[FILE] sham1_2.fastq.gz 2.50GB in 298 chunks
  15/298 chunks, 176MB, 2.05MB/s
  30/298 chunks, 352MB, 1.65MB/s
  45/298 chunks, 460MB, 1.62MB/s
  60/298 chunks, 587MB, 1.58MB/s
  75/298 chunks, 716MB, 1.49MB/s
  90/298 chunks, 839MB, 1.42MB/s
  105/298 chunks, 934MB, 1.37MB/s
  120/298 chunks, 1114MB, 1.26MB/s
  135/298 chunks, 1233MB, 1.20MB/s
  150/298 chunks, 1327MB, 1.19MB/s
  165/298 chunks, 1458MB, 1.20MB/s
  180/298 chunks, 1573MB, 1.23MB/s
  195/298 chunks, 1710MB, 1.27MB/s
  210/298 chunks, 1840MB, 1.28MB/s
  225/298 chunks, 1970MB, 1.31MB/s
  240/298 chunks, 2120MB, 1.35MB/s
  255/298 chunks, 2218MB, 1.37MB/s
  270/298 chunks, 2370MB, 1.41MB/s
  285/298 chunks, 2470MB, 1.41MB/s
[DONE] sham1_2.fastq.gz 2.50GB in 1844s
[SKIP] sham2_1.fastq.gz already complete
[FILE] sham2_2.fastq.gz 2.60GB in 310 chunks
  15/310 chunks, 1203MB, 1203.11MB/s
  30/310 chunks, 1203MB, 1203.11MB/s
  45/310 chunks, 1203MB, 1203.11MB/s
  60/310 chunks, 1203MB, 1203.11MB/s
  75/310 chunks, 1203MB, 1203.11MB/s
  90/310 chunks, 1203MB, 1203.11MB/s
  105/310 chunks, 1203MB, 1203.11MB/s
  120/310 chunks, 1203MB, 1203.11MB/s
  135/310 chunks, 1285MB, 11.20MB/s
  150/310 chunks, 1314MB, 9.41MB/s
  165/310 chunks, 1446MB, 6.23MB/s
  180/310 chunks, 1599MB, 5.21MB/s
  195/310 chunks, 1743MB, 4.71MB/s
  210/310 chunks, 1860MB, 4.48MB/s
  225/310 chunks, 2018MB, 4.28MB/s
  240/310 chunks, 2114MB, 4.20MB/s
  255/310 chunks, 2228MB, 4.06MB/s
  270/310 chunks, 2380MB, 3.92MB/s
  285/310 chunks, 2507MB, 3.81MB/s
  300/310 chunks, 2591MB, 3.67MB/s
[DONE] sham2_2.fastq.gz 2.60GB in 758s
[FILE] day1_rep1_1.fastq.gz 1.62GB in 194 chunks
  15/194 chunks, 177MB, 2.01MB/s
  30/194 chunks, 326MB, 1.57MB/s
  45/194 chunks, 459MB, 1.52MB/s
  60/194 chunks, 578MB, 1.40MB/s
[SKIP] sham1_1.fastq.gz already complete
[SKIP] sham1_2.fastq.gz already complete
[SKIP] sham2_1.fastq.gz already complete
[SKIP] sham2_2.fastq.gz already complete
[FILE] day1_rep1_1.fastq.gz 1.62GB in 194 chunks
  15/194 chunks, 650MB, 649.59MB/s
  30/194 chunks, 650MB, 649.59MB/s
  45/194 chunks, 650MB, 649.59MB/s
  60/194 chunks, 650MB, 649.59MB/s
  75/194 chunks, 751MB, 3.97MB/s
  90/194 chunks, 838MB, 2.69MB/s
  105/194 chunks, 977MB, 1.69MB/s
  120/194 chunks, 1103MB, 1.37MB/s
  135/194 chunks, 1219MB, 1.30MB/s
  150/194 chunks, 1376MB, 1.22MB/s
  165/194 chunks, 1416MB, 1.20MB/s
  180/194 chunks, 1556MB, 1.14MB/s
[DONE] day1_rep1_1.fastq.gz 1.62GB in 1510s
[FILE] day1_rep1_2.fastq.gz 1.91GB in 228 chunks
  15/228 chunks, 162MB, 0.94MB/s
  30/228 chunks, 291MB, 0.85MB/s
  45/228 chunks, 420MB, 0.84MB/s
  60/228 chunks, 551MB, 0.78MB/s
  75/228 chunks, 687MB, 0.73MB/s
  90/228 chunks, 808MB, 0.72MB/s
  105/228 chunks, 952MB, 0.69MB/s
  120/228 chunks, 1075MB, 0.68MB/s
  135/228 chunks, 1224MB, 0.68MB/s
  150/228 chunks, 1346MB, 0.66MB/s
  165/228 chunks, 1469MB, 0.64MB/s
  180/228 chunks, 1584MB, 0.63MB/s
  195/228 chunks, 1710MB, 0.62MB/s
  210/228 chunks, 1859MB, 0.63MB/s
  225/228 chunks, 1906MB, 0.62MB/s
[DONE] day1_rep1_2.fastq.gz 1.91GB in 3116s
[FILE] day1_rep2_1.fastq.gz 1.74GB in 208 chunks
  15/208 chunks, 171MB, 0.94MB/s
  30/208 chunks, 372MB, 0.86MB/s
  45/208 chunks, 419MB, 0.88MB/s
  60/208 chunks, 572MB, 0.86MB/s
  75/208 chunks, 682MB, 0.77MB/s
  90/208 chunks, 815MB, 0.68MB/s
  105/208 chunks, 975MB, 0.60MB/s
  120/208 chunks, 1076MB, 0.60MB/s
  135/208 chunks, 1194MB, 0.59MB/s
  150/208 chunks, 1313MB, 0.59MB/s
  165/208 chunks, 1438MB, 0.58MB/s
  180/208 chunks, 1569MB, 0.58MB/s
  195/208 chunks, 1696MB, 0.55MB/s
[DONE] day1_rep2_1.fastq.gz 1.74GB in 3370s
[FILE] day1_rep2_2.fastq.gz 1.97GB in 235 chunks
  15/235 chunks, 150MB, 0.29MB/s
  30/235 chunks, 289MB, 0.36MB/s
  45/235 chunks, 452MB, 0.45MB/s
  60/235 chunks, 585MB, 0.49MB/s
  75/235 chunks, 680MB, 0.51MB/s
  90/235 chunks, 825MB, 0.54MB/s
  105/235 chunks, 947MB, 0.55MB/s
  120/235 chunks, 1149MB, 0.56MB/s
  135/235 chunks, 1204MB, 0.57MB/s
  150/235 chunks, 1360MB, 0.59MB/s
  165/235 chunks, 1459MB, 0.60MB/s
  180/235 chunks, 1581MB, 0.60MB/s
  195/235 chunks, 1714MB, 0.60MB/s
  210/235 chunks, 1839MB, 0.61MB/s
[SKIP] sham1_1.fastq.gz already complete
[SKIP] sham1_2.fastq.gz already complete
[SKIP] sham2_1.fastq.gz already complete
[SKIP] sham2_2.fastq.gz already complete
[SKIP] day1_rep1_1.fastq.gz already complete
[SKIP] day1_rep1_2.fastq.gz already complete
[SKIP] day1_rep2_1.fastq.gz already complete
[FILE] day1_rep2_2.fastq.gz 1.97GB in 235 chunks
  15/235 chunks, 1961MB, 1961.21MB/s
  30/235 chunks, 1961MB, 1961.21MB/s
  45/235 chunks, 1961MB, 1961.21MB/s
  60/235 chunks, 1961MB, 1961.21MB/s
  75/235 chunks, 1961MB, 1961.21MB/s
  90/235 chunks, 1961MB, 1961.21MB/s
  105/235 chunks, 1961MB, 1961.21MB/s
  120/235 chunks, 1961MB, 1961.21MB/s
  135/235 chunks, 1961MB, 1961.21MB/s
  150/235 chunks, 1961MB, 1961.21MB/s
  165/235 chunks, 1961MB, 1961.21MB/s
  180/235 chunks, 1961MB, 1961.21MB/s
  195/235 chunks, 1961MB, 1961.21MB/s
  210/235 chunks, 1961MB, 1961.21MB/s
  225/235 chunks, 1967MB, 9.62MB/s
[DONE] day1_rep2_2.fastq.gz 1.97GB in 231s
ALL PILOT FILES DONE
