[serial2] start 2026-09-18 08:22:13
your 131072x1 screen size is bogus. expect trouble
your 131072x1 screen size is bogus. expect trouble
your 131072x1 screen size is bogus. expect trouble
your 131072x1 screen size is bogus. expect trouble
your 131072x1 screen size is bogus. expect trouble
your 131072x1 screen size is bogus. expect trouble
your 131072x1 screen size is bogus. expect trouble
your 131072x1 screen size is bogus. expect trouble
your 131072x1 screen size is bogus. expect trouble
your 131072x1 screen size is bogus. expect trouble
your 131072x1 screen size is bogus. expect trouble
your 131072x1 screen size is bogus. expect trouble
your 131072x1 screen size is bogus. expect trouble
your 131072x1 screen size is bogus. expect trouble
your 131072x1 screen size is bogus. expect trouble
your 131072x1 screen size is bogus. expect trouble
your 131072x1 screen size is bogus. expect trouble
your 131072x1 screen size is bogus. expect trouble
your 131072x1 screen size is bogus. expect trouble
your 131072x1 screen size is bogus. expect trouble
your 131072x1 screen size is bogus. expect trouble
your 131072x1 screen size is bogus. expect trouble
your 131072x1 screen size is bogus. expect trouble
your 131072x1 screen size is bogus. expect trouble
your 131072x1 screen size is bogus. expect trouble
your 131072x1 screen size is bogus. expect trouble
your 131072x1 screen size is bogus. expect trouble
your 131072x1 screen size is bogus. expect trouble
your 131072x1 screen size is bogus. expect trouble
your 131072x1 screen size is bogus. expect trouble
your 131072x1 screen size is bogus. expect trouble
your 131072x1 screen size is bogus. expect trouble
your 131072x1 screen size is bogus. expect trouble
your 131072x1 screen size is bogus. expect trouble
your 131072x1 screen size is bogus. expect trouble
your 131072x1 screen size is bogus. expect trouble
your 131072x1 screen size is bogus. expect trouble
your 131072x1 screen size is bogus. expect trouble
your 131072x1 screen size is bogus. expect trouble
your 131072x1 screen size is bogus. expect trouble
your 131072x1 screen size is bogus. expect trouble
[serial2] batch1 ended 2026-09-18 09:41:24
[serial2] day7_rep2 align exit=0 2026-09-18 10:12:12
12
awk: fatal: cannot open file `/home/taylor/stroke_APA_work/sequencing_depth.tsv.new' for reading: No such file or directory
0 /home/taylor/stroke_APA_work/sequencing_depth_dapars2.tsv
[serial2] depth refreshed 2026-09-18 10:12:12
[serial2] slim exit=0 2026-09-18 10:12:20
PDUI files found: 0
[QC FAIL] no PDUI output found under /mnt/d/stroke_apa_data/dapars2
