Detecting adapter sequence for read1...
No adapter detected for read1

Detecting adapter sequence for read2...
No adapter detected for read2

Read1 before filtering:
total reads: 25577916
total bases: 3821069810
Q20 bases: 3770214112(98.6691%)
Q30 bases: 3666308530(95.9498%)

Read2 before filtering:
total reads: 25577916
total bases: 3810795879
Q20 bases: 3632590954(95.3237%)
Q30 bases: 3331091875(87.412%)

Read1 after filtering:
total reads: 25577726
total bases: 3816890173
Q20 bases: 3766396269(98.6771%)
Q30 bases: 3662850834(95.9643%)

Read2 after filtering:
total reads: 25577726
total bases: 3805835110
Q20 bases: 3628449644(95.3391%)
Q30 bases: 3327798744(87.4394%)

Filtering result:
reads passed filter: 51155452
reads failed due to low quality: 380
reads failed due to too many N: 0
reads failed due to too short: 0
reads with adapter trimmed: 1063764
bases trimmed due to adapters: 9100438

Duplication rate: 10.936%

Insert size peak (evaluated by paired-end reads): 228

JSON report: /mnt/d/stroke_apa_data/qc/sham1_fastp.json
HTML report: /mnt/d/stroke_apa_data/qc/sham1_fastp.html

fastp -i /mnt/d/stroke_apa_data/fastq/sham1_1.fastq.gz -I /mnt/d/stroke_apa_data/fastq/sham1_2.fastq.gz -o /mnt/d/stroke_apa_data/work/sham1_1.trimmed.fastq.gz -O /mnt/d/stroke_apa_data/work/sham1_2.trimmed.fastq.gz --html /mnt/d/stroke_apa_data/qc/sham1_fastp.html --json /mnt/d/stroke_apa_data/qc/sham1_fastp.json --thread 8 --detect_adapter_for_pe 
fastp v0.23.4, time used: 183 seconds
