[full:chr2] start 2026-09-19 10:16:49
3
/home/taylor/stroke_APA_work/dapars2_full/chr2_chr2
[Sat Sep 19 10:16:50 2026] Start Analysis ...
All samples Joint Processing chr2 ...
[Sat Sep 19 10:16:50 2026] Loading Coverage ...
/home/taylor/stroke_APA_work/bedgraph/day1_rep1.bedgraph
/home/taylor/stroke_APA_work/bedgraph/day1_rep2.bedgraph
/home/taylor/stroke_APA_work/bedgraph/day21_rep1.bedgraph
/home/taylor/stroke_APA_work/bedgraph/day21_rep2.bedgraph
/home/taylor/stroke_APA_work/bedgraph/day3_rep1.bedgraph
/home/taylor/stroke_APA_work/bedgraph/day3_rep2.bedgraph
/home/taylor/stroke_APA_work/bedgraph/day60_rep1.bedgraph
/home/taylor/stroke_APA_work/bedgraph/day60_rep2.bedgraph
/home/taylor/stroke_APA_work/bedgraph/day7_rep1.bedgraph
/home/taylor/stroke_APA_work/bedgraph/day7_rep2.bedgraph
/home/taylor/stroke_APA_work/bedgraph/sham1.bedgraph
/home/taylor/stroke_APA_work/bedgraph/sham2.bedgraph
[49652326 52273421 39837975 39038280 38560545 40906253 39861605 44513076
 38391433 41344758 40347218 51568111]
#assigned events:
1740
[Sat Sep 19 10:17:50 2026] Loading Coverage Finished ...
[Sat Sep 19 15:22:10 2026] Finished!
[full:chr2] exit=0 2026-09-19 15:22:12
total 20
drwxr-xr-x  2 taylor taylor 4096 Sep 19 10:16 .
drwxr-xr-x 42 taylor taylor 4096 Sep 19 14:22 ..
-rw-r--r--  1 taylor taylor    5 Sep 19 10:16 chr.txt
-rw-r--r--  1 taylor taylor  982 Sep 19 10:16 job.cfg
-rw-r--r--  1 taylor taylor 1171 Sep 19 15:22 run.log
