Detecting adapter sequence for read1...
No adapter detected for read1

Detecting adapter sequence for read2...
No adapter detected for read2

Read1 before filtering:
total reads: 20214045
total bases: 3028922037
Q20 bases: 2994848875(98.8751%)
Q30 bases: 2918317530(96.3484%)

Read2 before filtering:
total reads: 20214045
total bases: 3023628613
Q20 bases: 2906647451(96.1311%)
Q30 bases: 2702803686(89.3894%)

Read1 after filtering:
total reads: 20214022
total bases: 3025853813
Q20 bases: 2992086871(98.8841%)
Q30 bases: 2915830808(96.3639%)

Read2 after filtering:
total reads: 20214022
total bases: 3020431262
Q20 bases: 2904052154(96.1469%)
Q30 bases: 2700747524(89.416%)

Filtering result:
reads passed filter: 40428044
reads failed due to low quality: 46
reads failed due to too many N: 0
reads failed due to too short: 0
reads with adapter trimmed: 890204
bases trimmed due to adapters: 6260441

Duplication rate: 9.54563%

Insert size peak (evaluated by paired-end reads): 228

JSON report: /home/taylor/stroke_APA_work/qc/day1_rep1_fastp.json
HTML report: /home/taylor/stroke_APA_work/qc/day1_rep1_fastp.html

fastp -i /mnt/d/stroke_apa_data/fastq/day1_rep1_1.fastq.gz -I /mnt/d/stroke_apa_data/fastq/day1_rep1_2.fastq.gz -o /home/taylor/stroke_APA_work/day1_rep1_1.trimmed.fastq.gz -O /home/taylor/stroke_APA_work/day1_rep1_2.trimmed.fastq.gz --html /home/taylor/stroke_APA_work/qc/day1_rep1_fastp.html --json /home/taylor/stroke_APA_work/qc/day1_rep1_fastp.json --thread 8 --detect_adapter_for_pe 
fastp v0.23.4, time used: 131 seconds
