Detecting adapter sequence for read1...
No adapter detected for read1

Detecting adapter sequence for read2...
No adapter detected for read2

Read1 before filtering:
total reads: 20679201
total bases: 3098534424
Q20 bases: 3027710261(97.7143%)
Q30 bases: 2908943747(93.8813%)

Read2 before filtering:
total reads: 20679201
total bases: 3090252175
Q20 bases: 2940135834(95.1423%)
Q30 bases: 2720557335(88.0367%)

Read1 after filtering:
total reads: 20360578
total bases: 3045861434
Q20 bases: 2982419591(97.9171%)
Q30 bases: 2870780788(94.2519%)

Read2 after filtering:
total reads: 20360578
total bases: 3038250670
Q20 bases: 2909507530(95.7626%)
Q30 bases: 2702040778(88.9341%)

Filtering result:
reads passed filter: 40721156
reads failed due to low quality: 637246
reads failed due to too many N: 0
reads failed due to too short: 0
reads with adapter trimmed: 724442
bases trimmed due to adapters: 10017370

Duplication rate: 8.57757%

Insert size peak (evaluated by paired-end reads): 239

JSON report: /home/taylor/stroke_APA_work/qc/day1_rep2_fastp.json
HTML report: /home/taylor/stroke_APA_work/qc/day1_rep2_fastp.html

fastp -i /mnt/d/stroke_apa_data/fastq/day1_rep2_1.fastq.gz -I /mnt/d/stroke_apa_data/fastq/day1_rep2_2.fastq.gz -o /home/taylor/stroke_APA_work/day1_rep2_1.trimmed.fastq.gz -O /home/taylor/stroke_APA_work/day1_rep2_2.trimmed.fastq.gz --html /home/taylor/stroke_APA_work/qc/day1_rep2_fastp.html --json /home/taylor/stroke_APA_work/qc/day1_rep2_fastp.json --thread 8 --detect_adapter_for_pe 
fastp v0.23.4, time used: 131 seconds
