Detecting adapter sequence for read1...
No adapter detected for read1

Detecting adapter sequence for read2...
No adapter detected for read2

Read1 before filtering:
total reads: 26118348
total bases: 3915814692
Q20 bases: 3880523612(99.0988%)
Q30 bases: 3799678534(97.0342%)

Read2 before filtering:
total reads: 26118348
total bases: 3907524874
Q20 bases: 3728490266(95.4182%)
Q30 bases: 3432694690(87.8483%)

Read1 after filtering:
total reads: 26118313
total bases: 3913935635
Q20 bases: 3879189215(99.1122%)
Q30 bases: 3798693701(97.0556%)

Read2 after filtering:
total reads: 26118313
total bases: 3905637428
Q20 bases: 3727486748(95.4386%)
Q30 bases: 3432130956(87.8763%)

Filtering result:
reads passed filter: 52236626
reads failed due to low quality: 70
reads failed due to too many N: 0
reads failed due to too short: 0
reads with adapter trimmed: 147324
bases trimmed due to adapters: 3758450

Duplication rate: 8.67783%

Insert size peak (evaluated by paired-end reads): 259

JSON report: /home/taylor/stroke_APA_work/qc/day60_rep2_fastp.json
HTML report: /home/taylor/stroke_APA_work/qc/day60_rep2_fastp.html

fastp -i /mnt/d/stroke_apa_data/fastq/day60_rep2_1.fastq.gz -I /mnt/d/stroke_apa_data/fastq/day60_rep2_2.fastq.gz -o /home/taylor/stroke_APA_work/day60_rep2_1.trimmed.fastq.gz -O /home/taylor/stroke_APA_work/day60_rep2_2.trimmed.fastq.gz --html /home/taylor/stroke_APA_work/qc/day60_rep2_fastp.html --json /home/taylor/stroke_APA_work/qc/day60_rep2_fastp.json --thread 8 --detect_adapter_for_pe 
fastp v0.23.4, time used: 185 seconds
