Detecting adapter sequence for read1...
No adapter detected for read1

Detecting adapter sequence for read2...
No adapter detected for read2

Read1 before filtering:
total reads: 20588526
total bases: 3085675990
Q20 bases: 3054469785(98.9887%)
Q30 bases: 2987957529(96.8332%)

Read2 before filtering:
total reads: 20588526
total bases: 3072530631
Q20 bases: 2954713642(96.1655%)
Q30 bases: 2758594017(89.7825%)

Read1 after filtering:
total reads: 20588490
total bases: 3084026674
Q20 bases: 3053233268(99.0015%)
Q30 bases: 2987016083(96.8544%)

Read2 after filtering:
total reads: 20588490
total bases: 3070877207
Q20 bases: 2953841634(96.1889%)
Q30 bases: 2758074347(89.8139%)

Filtering result:
reads passed filter: 41176980
reads failed due to low quality: 72
reads failed due to too many N: 0
reads failed due to too short: 0
reads with adapter trimmed: 126754
bases trimmed due to adapters: 3293684

Duplication rate: 12.5583%

Insert size peak (evaluated by paired-end reads): 261

JSON report: /home/taylor/stroke_APA_work/qc/day60_rep1_fastp.json
HTML report: /home/taylor/stroke_APA_work/qc/day60_rep1_fastp.html

fastp -i /mnt/d/stroke_apa_data/fastq/day60_rep1_1.fastq.gz -I /mnt/d/stroke_apa_data/fastq/day60_rep1_2.fastq.gz -o /home/taylor/stroke_APA_work/day60_rep1_1.trimmed.fastq.gz -O /home/taylor/stroke_APA_work/day60_rep1_2.trimmed.fastq.gz --html /home/taylor/stroke_APA_work/qc/day60_rep1_fastp.html --json /home/taylor/stroke_APA_work/qc/day60_rep1_fastp.json --thread 8 --detect_adapter_for_pe 
fastp v0.23.4, time used: 174 seconds
