Detecting adapter sequence for read1...
No adapter detected for read1

Detecting adapter sequence for read2...
No adapter detected for read2

Read1 before filtering:
total reads: 22525706
total bases: 3377212343
Q20 bases: 3330308831(98.6112%)
Q30 bases: 3228176664(95.587%)

Read2 before filtering:
total reads: 22525706
total bases: 3372143415
Q20 bases: 3225872150(95.6624%)
Q30 bases: 2978715371(88.333%)

Read1 after filtering:
total reads: 22525680
total bases: 3375345564
Q20 bases: 3328702508(98.6181%)
Q30 bases: 3226830450(95.6%)

Read2 after filtering:
total reads: 22525680
total bases: 3370260981
Q20 bases: 3224659360(95.6798%)
Q30 bases: 2977863200(88.3571%)

Filtering result:
reads passed filter: 45051360
reads failed due to low quality: 52
reads failed due to too many N: 0
reads failed due to too short: 0
reads with adapter trimmed: 343416
bases trimmed due to adapters: 3742612

Duplication rate: 9.54274%

Insert size peak (evaluated by paired-end reads): 259

JSON report: /home/taylor/stroke_APA_work/qc/day7_rep2_fastp.json
HTML report: /home/taylor/stroke_APA_work/qc/day7_rep2_fastp.html

fastp -i /mnt/d/stroke_apa_data/fastq/day7_rep2_1.fastq.gz -I /mnt/d/stroke_apa_data/fastq/day7_rep2_2.fastq.gz -o /home/taylor/stroke_APA_work/day7_rep2_1.trimmed.fastq.gz -O /home/taylor/stroke_APA_work/day7_rep2_2.trimmed.fastq.gz --html /home/taylor/stroke_APA_work/qc/day7_rep2_fastp.html --json /home/taylor/stroke_APA_work/qc/day7_rep2_fastp.json --thread 8 --detect_adapter_for_pe 
fastp v0.23.4, time used: 178 seconds
