[full:chr13] start 2026-09-19 16:24:47
3
/home/taylor/stroke_APA_work/dapars2_full/chr13_chr13
[Sat Sep 19 16:24:48 2026] Start Analysis ...
All samples Joint Processing chr13 ...
[Sat Sep 19 16:24:48 2026] Loading Coverage ...
/home/taylor/stroke_APA_work/bedgraph/day1_rep1.bedgraph
/home/taylor/stroke_APA_work/bedgraph/day1_rep2.bedgraph
/home/taylor/stroke_APA_work/bedgraph/day21_rep1.bedgraph
/home/taylor/stroke_APA_work/bedgraph/day21_rep2.bedgraph
/home/taylor/stroke_APA_work/bedgraph/day3_rep1.bedgraph
/home/taylor/stroke_APA_work/bedgraph/day3_rep2.bedgraph
/home/taylor/stroke_APA_work/bedgraph/day60_rep1.bedgraph
/home/taylor/stroke_APA_work/bedgraph/day60_rep2.bedgraph
/home/taylor/stroke_APA_work/bedgraph/day7_rep1.bedgraph
/home/taylor/stroke_APA_work/bedgraph/day7_rep2.bedgraph
/home/taylor/stroke_APA_work/bedgraph/sham1.bedgraph
/home/taylor/stroke_APA_work/bedgraph/sham2.bedgraph
[49652326 52273421 39837975 39038280 38560545 40906253 39861605 44513076
 38391433 41344758 40347218 51568111]
#assigned events:
797
[Sat Sep 19 16:26:07 2026] Loading Coverage Finished ...
[Sat Sep 19 17:00:38 2026] Finished!
[full:chr13] exit=0 2026-09-19 17:00:38
total 20
drwxr-xr-x  2 taylor taylor 4096 Sep 19 16:24 .
drwxr-xr-x 44 taylor taylor 4096 Sep 19 16:24 ..
-rw-r--r--  1 taylor taylor    6 Sep 19 16:24 chr.txt
-rw-r--r--  1 taylor taylor  984 Sep 19 16:24 job.cfg
-rw-r--r--  1 taylor taylor 1175 Sep 19 17:00 run.log
